Archive member included to satisfy reference by file (symbol)

c:/ac6/systemworkbench/plugins/fr.ac6.mcu.externaltools.arm-none.win32_1.17.0.201812190825/tools/compiler/bin/../lib/gcc/arm-none-eabi/7.3.1/../../../../arm-none-eabi/lib/thumb/v7-m\libc_nano.a(lib_a-atoi.o)
                              libraries/terminal/terminal.o (atoi)
c:/ac6/systemworkbench/plugins/fr.ac6.mcu.externaltools.arm-none.win32_1.17.0.201812190825/tools/compiler/bin/../lib/gcc/arm-none-eabi/7.3.1/../../../../arm-none-eabi/lib/thumb/v7-m\libc_nano.a(lib_a-errno.o)
                              Src/syscalls.o (__errno)
c:/ac6/systemworkbench/plugins/fr.ac6.mcu.externaltools.arm-none.win32_1.17.0.201812190825/tools/compiler/bin/../lib/gcc/arm-none-eabi/7.3.1/../../../../arm-none-eabi/lib/thumb/v7-m\libc_nano.a(lib_a-exit.o)
                              c:/ac6/systemworkbench/plugins/fr.ac6.mcu.externaltools.arm-none.win32_1.17.0.201812190825/tools/compiler/bin/../lib/gcc/arm-none-eabi/7.3.1/../../../../arm-none-eabi/lib/thumb/v7-m/crt0.o (exit)
c:/ac6/systemworkbench/plugins/fr.ac6.mcu.externaltools.arm-none.win32_1.17.0.201812190825/tools/compiler/bin/../lib/gcc/arm-none-eabi/7.3.1/../../../../arm-none-eabi/lib/thumb/v7-m\libc_nano.a(lib_a-impure.o)
                              c:/ac6/systemworkbench/plugins/fr.ac6.mcu.externaltools.arm-none.win32_1.17.0.201812190825/tools/compiler/bin/../lib/gcc/arm-none-eabi/7.3.1/../../../../arm-none-eabi/lib/thumb/v7-m\libc_nano.a(lib_a-exit.o) (_global_impure_ptr)
c:/ac6/systemworkbench/plugins/fr.ac6.mcu.externaltools.arm-none.win32_1.17.0.201812190825/tools/compiler/bin/../lib/gcc/arm-none-eabi/7.3.1/../../../../arm-none-eabi/lib/thumb/v7-m\libc_nano.a(lib_a-init.o)
                              c:/ac6/systemworkbench/plugins/fr.ac6.mcu.externaltools.arm-none.win32_1.17.0.201812190825/tools/compiler/bin/../lib/gcc/arm-none-eabi/7.3.1/../../../../arm-none-eabi/lib/thumb/v7-m/crt0.o (__libc_init_array)
c:/ac6/systemworkbench/plugins/fr.ac6.mcu.externaltools.arm-none.win32_1.17.0.201812190825/tools/compiler/bin/../lib/gcc/arm-none-eabi/7.3.1/../../../../arm-none-eabi/lib/thumb/v7-m\libc_nano.a(lib_a-memcpy-stub.o)
                              Middlewares/Third_Party/FreeRTOS/Source/queue.o (memcpy)
c:/ac6/systemworkbench/plugins/fr.ac6.mcu.externaltools.arm-none.win32_1.17.0.201812190825/tools/compiler/bin/../lib/gcc/arm-none-eabi/7.3.1/../../../../arm-none-eabi/lib/thumb/v7-m\libc_nano.a(lib_a-memset.o)
                              c:/ac6/systemworkbench/plugins/fr.ac6.mcu.externaltools.arm-none.win32_1.17.0.201812190825/tools/compiler/bin/../lib/gcc/arm-none-eabi/7.3.1/../../../../arm-none-eabi/lib/thumb/v7-m/crt0.o (memset)
c:/ac6/systemworkbench/plugins/fr.ac6.mcu.externaltools.arm-none.win32_1.17.0.201812190825/tools/compiler/bin/../lib/gcc/arm-none-eabi/7.3.1/../../../../arm-none-eabi/lib/thumb/v7-m\libc_nano.a(lib_a-nano-vfprintf_float.o)
                              (_printf_float)
c:/ac6/systemworkbench/plugins/fr.ac6.mcu.externaltools.arm-none.win32_1.17.0.201812190825/tools/compiler/bin/../lib/gcc/arm-none-eabi/7.3.1/../../../../arm-none-eabi/lib/thumb/v7-m\libc_nano.a(lib_a-nano-vfprintf_i.o)
                              c:/ac6/systemworkbench/plugins/fr.ac6.mcu.externaltools.arm-none.win32_1.17.0.201812190825/tools/compiler/bin/../lib/gcc/arm-none-eabi/7.3.1/../../../../arm-none-eabi/lib/thumb/v7-m\libc_nano.a(lib_a-nano-vfprintf_float.o) (_printf_common)
c:/ac6/systemworkbench/plugins/fr.ac6.mcu.externaltools.arm-none.win32_1.17.0.201812190825/tools/compiler/bin/../lib/gcc/arm-none-eabi/7.3.1/../../../../arm-none-eabi/lib/thumb/v7-m\libc_nano.a(lib_a-strcmp.o)
                              libraries/terminal/terminal.o (strcmp)
c:/ac6/systemworkbench/plugins/fr.ac6.mcu.externaltools.arm-none.win32_1.17.0.201812190825/tools/compiler/bin/../lib/gcc/arm-none-eabi/7.3.1/../../../../arm-none-eabi/lib/thumb/v7-m\libc_nano.a(lib_a-strlen.o)
                              libraries/terminal/terminal.o (strlen)
c:/ac6/systemworkbench/plugins/fr.ac6.mcu.externaltools.arm-none.win32_1.17.0.201812190825/tools/compiler/bin/../lib/gcc/arm-none-eabi/7.3.1/../../../../arm-none-eabi/lib/thumb/v7-m\libc_nano.a(lib_a-strtol.o)
                              c:/ac6/systemworkbench/plugins/fr.ac6.mcu.externaltools.arm-none.win32_1.17.0.201812190825/tools/compiler/bin/../lib/gcc/arm-none-eabi/7.3.1/../../../../arm-none-eabi/lib/thumb/v7-m\libc_nano.a(lib_a-atoi.o) (_strtol_r)
c:/ac6/systemworkbench/plugins/fr.ac6.mcu.externaltools.arm-none.win32_1.17.0.201812190825/tools/compiler/bin/../lib/gcc/arm-none-eabi/7.3.1/../../../../arm-none-eabi/lib/thumb/v7-m\libc_nano.a(lib_a-dtoa.o)
                              c:/ac6/systemworkbench/plugins/fr.ac6.mcu.externaltools.arm-none.win32_1.17.0.201812190825/tools/compiler/bin/../lib/gcc/arm-none-eabi/7.3.1/../../../../arm-none-eabi/lib/thumb/v7-m\libc_nano.a(lib_a-nano-vfprintf_float.o) (_dtoa_r)
[...]
Memory Configuration

Name             Origin             Length             Attributes
RAM              0x20000000         0x00005000         xrw
FLASH            0x08000000         0x00010000         xr
*default*        0x00000000         0xffffffff

Linker script and memory map

LOAD c:/ac6/systemworkbench/plugins/fr.ac6.mcu.externaltools.arm-none.win32_1.17.0.201812190825/tools/compiler/bin/../lib/gcc/arm-none-eabi/7.3.1/thumb/v7-m/crti.o
LOAD c:/ac6/systemworkbench/plugins/fr.ac6.mcu.externaltools.arm-none.win32_1.17.0.201812190825/tools/compiler/bin/../lib/gcc/arm-none-eabi/7.3.1/thumb/v7-m/crtbegin.o
LOAD c:/ac6/systemworkbench/plugins/fr.ac6.mcu.externaltools.arm-none.win32_1.17.0.201812190825/tools/compiler/bin/../lib/gcc/arm-none-eabi/7.3.1/../../../../arm-none-eabi/lib/thumb/v7-m/crt0.o
LOAD Drivers/STM32F1xx_HAL_Driver/Src/stm32f1xx_hal.o
LOAD Drivers/STM32F1xx_HAL_Driver/Src/stm32f1xx_hal_cortex.o
LOAD Drivers/STM32F1xx_HAL_Driver/Src/stm32f1xx_hal_dma.o
LOAD Drivers/STM32F1xx_HAL_Driver/Src/stm32f1xx_hal_exti.o
LOAD Drivers/STM32F1xx_HAL_Driver/Src/stm32f1xx_hal_flash.o
LOAD Drivers/STM32F1xx_HAL_Driver/Src/stm32f1xx_hal_flash_ex.o
LOAD Drivers/STM32F1xx_HAL_Driver/Src/stm32f1xx_hal_gpio.o
LOAD Drivers/STM32F1xx_HAL_Driver/Src/stm32f1xx_hal_gpio_ex.o
LOAD Drivers/STM32F1xx_HAL_Driver/Src/stm32f1xx_hal_pwr.o
LOAD Drivers/STM32F1xx_HAL_Driver/Src/stm32f1xx_hal_rcc.o
LOAD Drivers/STM32F1xx_HAL_Driver/Src/stm32f1xx_hal_rcc_ex.o
LOAD Drivers/STM32F1xx_HAL_Driver/Src/stm32f1xx_hal_tim.o
LOAD Drivers/STM32F1xx_HAL_Driver/Src/stm32f1xx_hal_tim_ex.o
LOAD Drivers/STM32F1xx_HAL_Driver/Src/stm32f1xx_hal_uart.o
LOAD Middlewares/Third_Party/FreeRTOS/Source/CMSIS_RTOS/cmsis_os.o
LOAD Middlewares/Third_Party/FreeRTOS/Source/croutine.o
LOAD Middlewares/Third_Party/FreeRTOS/Source/event_groups.o
LOAD Middlewares/Third_Party/FreeRTOS/Source/list.o
LOAD Middlewares/Third_Party/FreeRTOS/Source/queue.o
LOAD Middlewares/Third_Party/FreeRTOS/Source/stream_buffer.o
LOAD Middlewares/Third_Party/FreeRTOS/Source/tasks.o
LOAD Middlewares/Third_Party/FreeRTOS/Source/timers.o
LOAD Middlewares/Third_Party/FreeRTOS/Source/portable/GCC/ARM_CM3/port.o
LOAD Middlewares/Third_Party/FreeRTOS/Source/portable/MemMang/heap_4.o
LOAD Src/freertos.o
LOAD Src/main.o
LOAD Src/stm32f1xx_hal_msp.o
LOAD Src/stm32f1xx_it.o
LOAD Src/syscalls.o
LOAD Src/system_stm32f1xx.o
LOAD libraries/terminal/terminal.o
LOAD libraries/uart_print/uart_print.o
LOAD startup/startup_stm32f103xb.o
LOAD c:/ac6/systemworkbench/plugins/fr.ac6.mcu.externaltools.arm-none.win32_1.17.0.201812190825/tools/compiler/bin/../lib/gcc/arm-none-eabi/7.3.1/../../../../arm-none-eabi/lib/thumb/v7-m\libm.a
START GROUP
LOAD c:/ac6/systemworkbench/plugins/fr.ac6.mcu.externaltools.arm-none.win32_1.17.0.201812190825/tools/compiler/bin/../lib/gcc/arm-none-eabi/7.3.1/thumb/v7-m\libgcc.a
LOAD c:/ac6/systemworkbench/plugins/fr.ac6.mcu.externaltools.arm-none.win32_1.17.0.201812190825/tools/compiler/bin/../lib/gcc/arm-none-eabi/7.3.1/../../../../arm-none-eabi/lib/thumb/v7-m\libc_nano.a
END GROUP
START GROUP
LOAD c:/ac6/systemworkbench/plugins/fr.ac6.mcu.externaltools.arm-none.win32_1.17.0.201812190825/tools/compiler/bin/../lib/gcc/arm-none-eabi/7.3.1/thumb/v7-m\libgcc.a
LOAD c:/ac6/systemworkbench/plugins/fr.ac6.mcu.externaltools.arm-none.win32_1.17.0.201812190825/tools/compiler/bin/../lib/gcc/arm-none-eabi/7.3.1/../../../../arm-none-eabi/lib/thumb/v7-m\libc_nano.a
LOAD c:/ac6/systemworkbench/plugins/fr.ac6.mcu.externaltools.arm-none.win32_1.17.0.201812190825/tools/compiler/bin/../lib/gcc/arm-none-eabi/7.3.1/../../../../arm-none-eabi/lib/thumb/v7-m\libnosys.a
END GROUP
START GROUP
LOAD c:/ac6/systemworkbench/plugins/fr.ac6.mcu.externaltools.arm-none.win32_1.17.0.201812190825/tools/compiler/bin/../lib/gcc/arm-none-eabi/7.3.1/thumb/v7-m\libgcc.a
LOAD c:/ac6/systemworkbench/plugins/fr.ac6.mcu.externaltools.arm-none.win32_1.17.0.201812190825/tools/compiler/bin/../lib/gcc/arm-none-eabi/7.3.1/../../../../arm-none-eabi/lib/thumb/v7-m\libc_nano.a
LOAD c:/ac6/systemworkbench/plugins/fr.ac6.mcu.externaltools.arm-none.win32_1.17.0.201812190825/tools/compiler/bin/../lib/gcc/arm-none-eabi/7.3.1/../../../../arm-none-eabi/lib/thumb/v7-m\libnosys.a
END GROUP
LOAD c:/ac6/systemworkbench/plugins/fr.ac6.mcu.externaltools.arm-none.win32_1.17.0.201812190825/tools/compiler/bin/../lib/gcc/arm-none-eabi/7.3.1/thumb/v7-m/crtend.o
LOAD c:/ac6/systemworkbench/plugins/fr.ac6.mcu.externaltools.arm-none.win32_1.17.0.201812190825/tools/compiler/bin/../lib/gcc/arm-none-eabi/7.3.1/thumb/v7-m/crtn.o
                0x20005000                _estack = 0x20005000
                0x00000200                _Min_Heap_Size = 0x200
                0x00000400                _Min_Stack_Size = 0x400

.isr_vector     0x08000000      0x10c
                0x08000000                . = ALIGN (0x4)
 *(.isr_vector)
 .isr_vector    0x08000000      0x10c startup/startup_stm32f103xb.o
                0x08000000                g_pfnVectors
                0x0800010c                . = ALIGN (0x4)

.text           0x08000110     0x6eb8
                0x08000110                . = ALIGN (0x4)
 *(.text)
 .text          0x08000110       0x40 c:/ac6/systemworkbench/plugins/fr.ac6.mcu.externaltools.arm-none.win32_1.17.0.201812190825/tools/compiler/bin/../lib/gcc/arm-none-eabi/7.3.1/thumb/v7-m/crtbegin.o
 .text          0x08000150       0x14 c:/ac6/systemworkbench/plugins/fr.ac6.mcu.externaltools.arm-none.win32_1.17.0.201812190825/tools/compiler/bin/../lib/gcc/arm-none-eabi/7.3.1/../../../../arm-none-eabi/lib/thumb/v7-m\libc_nano.a(lib_a-strcmp.o)
                0x08000150                strcmp
 .text          0x08000164       0x10 c:/ac6/systemworkbench/plugins/fr.ac6.mcu.externaltools.arm-none.win32_1.17.0.201812190825/tools/compiler/bin/../lib/gcc/arm-none-eabi/7.3.1/../../../../arm-none-eabi/lib/thumb/v7-m\libc_nano.a(lib_a-strlen.o)
                0x08000164                strlen
 .text          0x08000174      0x378 c:/ac6/systemworkbench/plugins/fr.ac6.mcu.externaltools.arm-none.win32_1.17.0.201812190825/tools/compiler/bin/../lib/gcc/arm-none-eabi/7.3.1/thumb/v7-m\libgcc.a(_arm_addsubdf3.o)
                0x08000174                __aeabi_drsub
                0x0800017c                __aeabi_dsub
                0x0800017c                __subdf3
                0x08000180                __aeabi_dadd
                0x08000180                __adddf3
                0x080003f8                __floatunsidf
                0x080003f8                __aeabi_ui2d
                0x08000418                __floatsidf
                0x08000418                __aeabi_i2d
                0x0800043c                __aeabi_f2d
                0x0800043c                __extendsfdf2
                0x08000480                __floatundidf
                0x08000480                __aeabi_ul2d
                0x08000490                __floatdidf
                0x08000490                __aeabi_l2d
 .text          0x080004ec      0x424 c:/ac6/systemworkbench/plugins/fr.ac6.mcu.externaltools.arm-none.win32_1.17.0.201812190825/tools/compiler/bin/../lib/gcc/arm-none-eabi/7.3.1/thumb/v7-m\libgcc.a(_arm_muldivdf3.o)
                0x080004ec                __aeabi_dmul
                0x080004ec                __muldf3
                0x08000740                __divdf3
                0x08000740                __aeabi_ddiv
 .text          0x08000910      0x110 c:/ac6/systemworkbench/plugins/fr.ac6.mcu.externaltools.arm-none.win32_1.17.0.201812190825/tools/compiler/bin/../lib/gcc/arm-none-eabi/7.3.1/thumb/v7-m\libgcc.a(_arm_cmpdf2.o)
                0x08000910                __gtdf2
                0x08000910                __gedf2
                0x08000918                __ltdf2
                0x08000918                __ledf2
                0x08000920                __nedf2
                0x08000920                __eqdf2
                0x08000920                __cmpdf2
                0x0800099c                __aeabi_cdrcmple
                0x080009ac                __aeabi_cdcmpeq
                0x080009ac                __aeabi_cdcmple
                0x080009bc                __aeabi_dcmpeq
                0x080009d0                __aeabi_dcmplt
                0x080009e4                __aeabi_dcmple
                0x080009f8                __aeabi_dcmpge
                0x08000a0c                __aeabi_dcmpgt
 .text          0x08000a20       0x2c c:/ac6/systemworkbench/plugins/fr.ac6.mcu.externaltools.arm-none.win32_1.17.0.201812190825/tools/compiler/bin/../lib/gcc/arm-none-eabi/7.3.1/thumb/v7-m\libgcc.a(_arm_unorddf2.o)
                0x08000a20                __unorddf2
                0x08000a20                __aeabi_dcmpun
 .text          0x08000a4c       0x50 c:/ac6/systemworkbench/plugins/fr.ac6.mcu.externaltools.arm-none.win32_1.17.0.201812190825/tools/compiler/bin/../lib/gcc/arm-none-eabi/7.3.1/thumb/v7-m\libgcc.a(_arm_fixdfsi.o)
                0x08000a4c                __aeabi_d2iz
                0x08000a4c                __fixdfsi
 *(.text*)
 .text.HAL_Init
                0x08000a9c       0x2c Drivers/STM32F1xx_HAL_Driver/Src/stm32f1xx_hal.o
                0x08000a9c                HAL_Init
 .text.HAL_InitTick
                0x08000ac8       0x60 Drivers/STM32F1xx_HAL_Driver/Src/stm32f1xx_hal.o
                0x08000ac8                HAL_InitTick
 .text.HAL_IncTick
                0x08000b28       0x24 Drivers/STM32F1xx_HAL_Driver/Src/stm32f1xx_hal.o
                0x08000b28                HAL_IncTick
 .text.HAL_GetTick
                0x08000b4c       0x14 Drivers/STM32F1xx_HAL_Driver/Src/stm32f1xx_hal.o
                0x08000b4c                HAL_GetTick
 .text.__NVIC_SetPriorityGrouping
                0x08000b60       0x48 Drivers/STM32F1xx_HAL_Driver/Src/stm32f1xx_hal_cortex.o
 .text.__NVIC_GetPriorityGrouping
                0x08000ba8       0x1c Drivers/STM32F1xx_HAL_Driver/Src/stm32f1xx_hal_cortex.o
 .text.__NVIC_EnableIRQ
                0x08000bc4       0x38 Drivers/STM32F1xx_HAL_Driver/Src/stm32f1xx_hal_cortex.o
 .text.__NVIC_SetPriority
                0x08000bfc       0x54 Drivers/STM32F1xx_HAL_Driver/Src/stm32f1xx_hal_cortex.o
 .text.NVIC_EncodePriority
                0x08000c50       0x64 Drivers/STM32F1xx_HAL_Driver/Src/stm32f1xx_hal_cortex.o
 .text.SysTick_Config
                0x08000cb4       0x44 Drivers/STM32F1xx_HAL_Driver/Src/stm32f1xx_hal_cortex.o
 .text.HAL_NVIC_SetPriorityGrouping
                0x08000cf8       0x16 Drivers/STM32F1xx_HAL_Driver/Src/stm32f1xx_hal_cortex.o
                0x08000cf8                HAL_NVIC_SetPriorityGrouping
 .text.HAL_NVIC_SetPriority
                0x08000d0e       0x38 Drivers/STM32F1xx_HAL_Driver/Src/stm32f1xx_hal_cortex.o
                0x08000d0e                HAL_NVIC_SetPriority
 .text.HAL_NVIC_EnableIRQ
                0x08000d46       0x1c Drivers/STM32F1xx_HAL_Driver/Src/stm32f1xx_hal_cortex.o
                0x08000d46                HAL_NVIC_EnableIRQ
 .text.HAL_SYSTICK_Config
                0x08000d62       0x18 Drivers/STM32F1xx_HAL_Driver/Src/stm32f1xx_hal_cortex.o
                0x08000d62                HAL_SYSTICK_Config
 *fill*         0x08000d7a        0x2 
 .text.HAL_DMA_Abort_IT
                0x08000d7c       0xec Drivers/STM32F1xx_HAL_Driver/Src/stm32f1xx_hal_dma.o
                0x08000d7c                HAL_DMA_Abort_IT
 .text.HAL_GPIO_Init
                0x08000e68      0x2b4 Drivers/STM32F1xx_HAL_Driver/Src/stm32f1xx_hal_gpio.o
                0x08000e68                HAL_GPIO_Init
 .text.HAL_GPIO_WritePin
                0x0800111c       0x30 Drivers/STM32F1xx_HAL_Driver/Src/stm32f1xx_hal_gpio.o
                0x0800111c                HAL_GPIO_WritePin
 .text.HAL_RCC_OscConfig
                0x0800114c      0x500 Drivers/STM32F1xx_HAL_Driver/Src/stm32f1xx_hal_rcc.o
                0x0800114c                HAL_RCC_OscConfig
 .text.HAL_RCC_ClockConfig
                0x0800164c      0x1d4 Drivers/STM32F1xx_HAL_Driver/Src/stm32f1xx_hal_rcc.o
                0x0800164c                HAL_RCC_ClockConfig
 .text.HAL_RCC_GetSysClockFreq
                0x08001820       0xc4 Drivers/STM32F1xx_HAL_Driver/Src/stm32f1xx_hal_rcc.o
                0x08001820                HAL_RCC_GetSysClockFreq
 .text.HAL_RCC_GetHCLKFreq
                0x080018e4       0x14 Drivers/STM32F1xx_HAL_Driver/Src/stm32f1xx_hal_rcc.o
                0x080018e4                HAL_RCC_GetHCLKFreq
 .text.HAL_RCC_GetPCLK1Freq
                0x080018f8       0x28 Drivers/STM32F1xx_HAL_Driver/Src/stm32f1xx_hal_rcc.o
                0x080018f8                HAL_RCC_GetPCLK1Freq
 .text.HAL_RCC_GetPCLK2Freq
                0x08001920       0x28 Drivers/STM32F1xx_HAL_Driver/Src/stm32f1xx_hal_rcc.o
                0x08001920                HAL_RCC_GetPCLK2Freq
 .text.RCC_Delay
                0x08001948       0x3c Drivers/STM32F1xx_HAL_Driver/Src/stm32f1xx_hal_rcc.o
 .text.HAL_UART_Init
                0x08001984       0x9a Drivers/STM32F1xx_HAL_Driver/Src/stm32f1xx_hal_uart.o
                0x08001984                HAL_UART_Init
 .text.HAL_UART_Transmit
                0x08001a1e      0x132 Drivers/STM32F1xx_HAL_Driver/Src/stm32f1xx_hal_uart.o
                0x08001a1e                HAL_UART_Transmit
 .text.HAL_UART_Receive
                0x08001b50      0x14c Drivers/STM32F1xx_HAL_Driver/Src/stm32f1xx_hal_uart.o
                0x08001b50                HAL_UART_Receive
 .text.HAL_UART_IRQHandler
                0x08001c9c      0x1f8 Drivers/STM32F1xx_HAL_Driver/Src/stm32f1xx_hal_uart.o
                0x08001c9c                HAL_UART_IRQHandler
 .text.HAL_UART_TxCpltCallback
                0x08001e94       0x12 Drivers/STM32F1xx_HAL_Driver/Src/stm32f1xx_hal_uart.o
                0x08001e94                HAL_UART_TxCpltCallback
 .text.HAL_UART_RxCpltCallback
                0x08001ea6       0x12 Drivers/STM32F1xx_HAL_Driver/Src/stm32f1xx_hal_uart.o
                0x08001ea6                HAL_UART_RxCpltCallback
 .text.HAL_UART_ErrorCallback
                0x08001eb8       0x12 Drivers/STM32F1xx_HAL_Driver/Src/stm32f1xx_hal_uart.o
                0x08001eb8                HAL_UART_ErrorCallback
 .text.UART_WaitOnFlagUntilTimeout
                0x08001eca       0x94 Drivers/STM32F1xx_HAL_Driver/Src/stm32f1xx_hal_uart.o
 .text.UART_EndRxTransfer
                0x08001f5e       0x3a Drivers/STM32F1xx_HAL_Driver/Src/stm32f1xx_hal_uart.o
 .text.UART_DMAAbortOnError
                0x08001f98       0x28 Drivers/STM32F1xx_HAL_Driver/Src/stm32f1xx_hal_uart.o
 .text.UART_Transmit_IT
                0x08001fc0       0xaa Drivers/STM32F1xx_HAL_Driver/Src/stm32f1xx_hal_uart.o
 .text.UART_EndTransmit_IT
                0x0800206a       0x30 Drivers/STM32F1xx_HAL_Driver/Src/stm32f1xx_hal_uart.o
 .text.UART_Receive_IT
                0x0800209a      0x102 Drivers/STM32F1xx_HAL_Driver/Src/stm32f1xx_hal_uart.o
 .text.UART_SetConfig
                0x0800219c      0x1b4 Drivers/STM32F1xx_HAL_Driver/Src/stm32f1xx_hal_uart.o
 .text.makeFreeRtosPriority
                0x08002350       0x2e Middlewares/Third_Party/FreeRTOS/Source/CMSIS_RTOS/cmsis_os.o
 .text.osKernelStart
                0x0800237e        0xe Middlewares/Third_Party/FreeRTOS/Source/CMSIS_RTOS/cmsis_os.o
                0x0800237e                osKernelStart
 .text.osThreadCreate
                0x0800238c       0x98 Middlewares/Third_Party/FreeRTOS/Source/CMSIS_RTOS/cmsis_os.o
                0x0800238c                osThreadCreate
 .text.osDelay  0x08002424       0x28 Middlewares/Third_Party/FreeRTOS/Source/CMSIS_RTOS/cmsis_os.o
                0x08002424                osDelay
 .text.vListInitialise
                0x0800244c       0x3e Middlewares/Third_Party/FreeRTOS/Source/list.o
                0x0800244c                vListInitialise
 .text.vListInitialiseItem
                0x0800248a       0x18 Middlewares/Third_Party/FreeRTOS/Source/list.o
                0x0800248a                vListInitialiseItem
 .text.vListInsertEnd
                0x080024a2       0x46 Middlewares/Third_Party/FreeRTOS/Source/list.o
                0x080024a2                vListInsertEnd
 .text.vListInsert
                0x080024e8       0x70 Middlewares/Third_Party/FreeRTOS/Source/list.o
                0x080024e8                vListInsert
 .text.uxListRemove
                0x08002558       0x52 Middlewares/Third_Party/FreeRTOS/Source/list.o
                0x08002558                uxListRemove
 *fill*         0x080025aa        0x2 
 .text.xQueueGenericReset
                0x080025ac       0xd0 Middlewares/Third_Party/FreeRTOS/Source/queue.o
                0x080025ac                xQueueGenericReset
 .text.xQueueGenericCreateStatic
                0x0800267c       0xe4 Middlewares/Third_Party/FreeRTOS/Source/queue.o
                0x0800267c                xQueueGenericCreateStatic
 .text.prvInitialiseNewQueue
                0x08002760       0x46 Middlewares/Third_Party/FreeRTOS/Source/queue.o
 *fill*         0x080027a6        0x2 
 .text.xQueueGenericSend
                0x080027a8      0x1f4 Middlewares/Third_Party/FreeRTOS/Source/queue.o
                0x080027a8                xQueueGenericSend
 .text.xQueueGenericSendFromISR
                0x0800299c      0x128 Middlewares/Third_Party/FreeRTOS/Source/queue.o
                0x0800299c                xQueueGenericSendFromISR
 .text.xQueueReceive
                0x08002ac4      0x1b8 Middlewares/Third_Party/FreeRTOS/Source/queue.o
                0x08002ac4                xQueueReceive
 .text.prvCopyDataToQueue
                0x08002c7c       0xd4 Middlewares/Third_Party/FreeRTOS/Source/queue.o
 .text.prvCopyDataFromQueue
                0x08002d50       0x4c Middlewares/Third_Party/FreeRTOS/Source/queue.o
 .text.prvUnlockQueue
                0x08002d9c       0xa4 Middlewares/Third_Party/FreeRTOS/Source/queue.o
 .text.prvIsQueueEmpty
                0x08002e40       0x2c Middlewares/Third_Party/FreeRTOS/Source/queue.o
 .text.prvIsQueueFull
                0x08002e6c       0x30 Middlewares/Third_Party/FreeRTOS/Source/queue.o
 .text.vQueueAddToRegistry
                0x08002e9c       0x50 Middlewares/Third_Party/FreeRTOS/Source/queue.o
                0x08002e9c                vQueueAddToRegistry
 .text.vQueueWaitForMessageRestricted
                0x08002eec       0x68 Middlewares/Third_Party/FreeRTOS/Source/queue.o
                0x08002eec                vQueueWaitForMessageRestricted
 .text.xTaskCreateStatic
                0x08002f54       0xb2 Middlewares/Third_Party/FreeRTOS/Source/tasks.o
                0x08002f54                xTaskCreateStatic
 .text.xTaskCreate
                0x08003006       0x8a Middlewares/Third_Party/FreeRTOS/Source/tasks.o
                0x08003006                xTaskCreate
 .text.prvInitialiseNewTask
                0x08003090      0x10c Middlewares/Third_Party/FreeRTOS/Source/tasks.o
 .text.prvAddNewTaskToReadyList
                0x0800319c       0xdc Middlewares/Third_Party/FreeRTOS/Source/tasks.o
 .text.vTaskDelay
                0x08003278       0x68 Middlewares/Third_Party/FreeRTOS/Source/tasks.o
                0x08003278                vTaskDelay
 .text.vTaskStartScheduler
                0x080032e0       0xc8 Middlewares/Third_Party/FreeRTOS/Source/tasks.o
                0x080032e0                vTaskStartScheduler
 .text.vTaskSuspendAll
                0x080033a8       0x1c Middlewares/Third_Party/FreeRTOS/Source/tasks.o
                0x080033a8                vTaskSuspendAll
 .text.xTaskResumeAll
                0x080033c4      0x138 Middlewares/Third_Party/FreeRTOS/Source/tasks.o
                0x080033c4                xTaskResumeAll
 .text.xTaskGetTickCount
                0x080034fc       0x1c Middlewares/Third_Party/FreeRTOS/Source/tasks.o
                0x080034fc                xTaskGetTickCount
 .text.xTaskIncrementTick
                0x08003518      0x178 Middlewares/Third_Party/FreeRTOS/Source/tasks.o
                0x08003518                xTaskIncrementTick
 .text.vTaskSwitchContext
                0x08003690       0xb4 Middlewares/Third_Party/FreeRTOS/Source/tasks.o
                0x08003690                vTaskSwitchContext
 .text.vTaskPlaceOnEventList
                0x08003744       0x48 Middlewares/Third_Party/FreeRTOS/Source/tasks.o
                0x08003744                vTaskPlaceOnEventList
 .text.vTaskPlaceOnEventListRestricted
                0x0800378c       0x54 Middlewares/Third_Party/FreeRTOS/Source/tasks.o
                0x0800378c                vTaskPlaceOnEventListRestricted
 .text.xTaskRemoveFromEventList
                0x080037e0       0xc4 Middlewares/Third_Party/FreeRTOS/Source/tasks.o
                0x080037e0                xTaskRemoveFromEventList
 .text.vTaskInternalSetTimeOutState
                0x080038a4       0x2c Middlewares/Third_Party/FreeRTOS/Source/tasks.o
                0x080038a4                vTaskInternalSetTimeOutState
 .text.xTaskCheckForTimeOut
                0x080038d0       0xc0 Middlewares/Third_Party/FreeRTOS/Source/tasks.o
                0x080038d0                xTaskCheckForTimeOut
 .text.vTaskMissedYield
                0x08003990       0x18 Middlewares/Third_Party/FreeRTOS/Source/tasks.o
                0x08003990                vTaskMissedYield
 .text.prvIdleTask
                0x080039a8       0x30 Middlewares/Third_Party/FreeRTOS/Source/tasks.o
 .text.prvInitialiseTaskLists
                0x080039d8       0x80 Middlewares/Third_Party/FreeRTOS/Source/tasks.o
 .text.prvCheckTasksWaitingTermination
                0x08003a58       0x58 Middlewares/Third_Party/FreeRTOS/Source/tasks.o
 .text.prvDeleteTCB
                0x08003ab0       0x5c Middlewares/Third_Party/FreeRTOS/Source/tasks.o
 .text.prvResetNextTaskUnblockTime
                0x08003b0c       0x48 Middlewares/Third_Party/FreeRTOS/Source/tasks.o
 .text.xTaskGetSchedulerState
                0x08003b54       0x3c Middlewares/Third_Party/FreeRTOS/Source/tasks.o
                0x08003b54                xTaskGetSchedulerState
 .text.xTaskPriorityDisinherit
                0x08003b90      0x108 Middlewares/Third_Party/FreeRTOS/Source/tasks.o
                0x08003b90                xTaskPriorityDisinherit
 .text.prvAddCurrentTaskToDelayedList
                0x08003c98       0xcc Middlewares/Third_Party/FreeRTOS/Source/tasks.o
 .text.xTimerCreateTimerTask
                0x08003d64       0x90 Middlewares/Third_Party/FreeRTOS/Source/timers.o
                0x08003d64                xTimerCreateTimerTask
 .text.xTimerGenericCommand
                0x08003df4       0x98 Middlewares/Third_Party/FreeRTOS/Source/timers.o
                0x08003df4                xTimerGenericCommand
 .text.prvProcessExpiredTimer
                0x08003e8c       0x80 Middlewares/Third_Party/FreeRTOS/Source/timers.o
 .text.prvTimerTask
                0x08003f0c       0x24 Middlewares/Third_Party/FreeRTOS/Source/timers.o
 .text.prvProcessTimerOrBlockTask
                0x08003f30       0x9c Middlewares/Third_Party/FreeRTOS/Source/timers.o
 .text.prvGetNextExpireTime
                0x08003fcc       0x48 Middlewares/Third_Party/FreeRTOS/Source/timers.o
 .text.prvSampleTimeNow
                0x08004014       0x40 Middlewares/Third_Party/FreeRTOS/Source/timers.o
 .text.prvInsertTimerInActiveList
                0x08004054       0x84 Middlewares/Third_Party/FreeRTOS/Source/timers.o
 .text.prvProcessReceivedCommands
                0x080040d8      0x12c Middlewares/Third_Party/FreeRTOS/Source/timers.o
 .text.prvSwitchTimerLists
                0x08004204       0xc0 Middlewares/Third_Party/FreeRTOS/Source/timers.o
 .text.prvCheckForValidListAndQueue
                0x080042c4       0x80 Middlewares/Third_Party/FreeRTOS/Source/timers.o
 .text.pxPortInitialiseStack
                0x08004344       0x58 Middlewares/Third_Party/FreeRTOS/Source/portable/GCC/ARM_CM3/port.o
                0x08004344                pxPortInitialiseStack
 .text.prvTaskExitError
                0x0800439c       0x50 Middlewares/Third_Party/FreeRTOS/Source/portable/GCC/ARM_CM3/port.o
 *fill*         0x080043ec        0x4 
 .text.SVC_Handler
                0x080043f0       0x28 Middlewares/Third_Party/FreeRTOS/Source/portable/GCC/ARM_CM3/port.o
                0x080043f0                SVC_Handler
 .text.prvPortStartFirstTask
                0x08004418       0x20 Middlewares/Third_Party/FreeRTOS/Source/portable/GCC/ARM_CM3/port.o
 .text.xPortStartScheduler
                0x08004438       0xe0 Middlewares/Third_Party/FreeRTOS/Source/portable/GCC/ARM_CM3/port.o
                0x08004438                xPortStartScheduler
 .text.vPortEnterCritical
                0x08004518       0x5c Middlewares/Third_Party/FreeRTOS/Source/portable/GCC/ARM_CM3/port.o
                0x08004518                vPortEnterCritical
 .text.vPortExitCritical
                0x08004574       0x4c Middlewares/Third_Party/FreeRTOS/Source/portable/GCC/ARM_CM3/port.o
                0x08004574                vPortExitCritical
 .text.PendSV_Handler
                0x080045c0       0x48 Middlewares/Third_Party/FreeRTOS/Source/portable/GCC/ARM_CM3/port.o
                0x080045c0                PendSV_Handler
 .text.xPortSysTickHandler
                0x08004608       0x40 Middlewares/Third_Party/FreeRTOS/Source/portable/GCC/ARM_CM3/port.o
                0x08004608                xPortSysTickHandler
 .text.vPortSetupTimerInterrupt
                0x08004648       0x44 Middlewares/Third_Party/FreeRTOS/Source/portable/GCC/ARM_CM3/port.o
                0x08004648                vPortSetupTimerInterrupt
 .text.vPortValidateInterruptPriority
                0x0800468c       0x78 Middlewares/Third_Party/FreeRTOS/Source/portable/GCC/ARM_CM3/port.o
                0x0800468c                vPortValidateInterruptPriority
 .text.pvPortMalloc
                0x08004704      0x184 Middlewares/Third_Party/FreeRTOS/Source/portable/MemMang/heap_4.o
                0x08004704                pvPortMalloc
 .text.vPortFree
                0x08004888       0xb0 Middlewares/Third_Party/FreeRTOS/Source/portable/MemMang/heap_4.o
                0x08004888                vPortFree
 .text.prvHeapInit
                0x08004938       0xc4 Middlewares/Third_Party/FreeRTOS/Source/portable/MemMang/heap_4.o
 .text.prvInsertBlockIntoFreeList
                0x080049fc       0xb0 Middlewares/Third_Party/FreeRTOS/Source/portable/MemMang/heap_4.o
 .text.vApplicationGetIdleTaskMemory
                0x08004aac       0x30 Src/freertos.o
                0x08004aac                vApplicationGetIdleTaskMemory
 .text.vApplicationGetTimerTaskMemory
                0x08004adc       0x34 Src/freertos.o
                0x08004adc                vApplicationGetTimerTaskMemory
 .text.main     0x08004b10       0x90 Src/main.o
                0x08004b10                main
 .text.SystemClock_Config
                0x08004ba0       0x8a Src/main.o
                0x08004ba0                SystemClock_Config
 *fill*         0x08004c2a        0x2 
 .text.MX_USART1_UART_Init
                0x08004c2c       0x54 Src/main.o
 .text.MX_GPIO_Init
                0x08004c80       0x98 Src/main.o
 .text.tkMain   0x08004d18       0x10 Src/main.o
                0x08004d18                tkMain
 .text.tkTerninal
                0x08004d28       0x30 Src/main.o
                0x08004d28                tkTerninal
 .text.Error_Handler
                0x08004d58        0xc Src/main.o
                0x08004d58                Error_Handler
 .text.HAL_MspInit
                0x08004d64       0x70 Src/stm32f1xx_hal_msp.o
                0x08004d64                HAL_MspInit
 .text.HAL_UART_MspInit
                0x08004dd4       0xc4 Src/stm32f1xx_hal_msp.o
                0x08004dd4                HAL_UART_MspInit
 .text.NMI_Handler
                0x08004e98        0xc Src/stm32f1xx_it.o
                0x08004e98                NMI_Handler
 .text.HardFault_Handler
                0x08004ea4        0x6 Src/stm32f1xx_it.o
                0x08004ea4                HardFault_Handler
 .text.MemManage_Handler
                0x08004eaa        0x6 Src/stm32f1xx_it.o
                0x08004eaa                MemManage_Handler
 .text.BusFault_Handler
                0x08004eb0        0x6 Src/stm32f1xx_it.o
                0x08004eb0                BusFault_Handler
 .text.UsageFault_Handler
                0x08004eb6        0x6 Src/stm32f1xx_it.o
                0x08004eb6                UsageFault_Handler
 .text.DebugMon_Handler
                0x08004ebc        0xc Src/stm32f1xx_it.o
                0x08004ebc                DebugMon_Handler
 .text.SysTick_Handler
                0x08004ec8       0x1a Src/stm32f1xx_it.o
                0x08004ec8                SysTick_Handler
 *fill*         0x08004ee2        0x2 
 .text.USART1_IRQHandler
                0x08004ee4       0x28 Src/stm32f1xx_it.o
                0x08004ee4                USART1_IRQHandler
 .text._sbrk    0x08004f0c       0x58 Src/syscalls.o
                0x08004f0c                _sbrk
 .text.SystemInit
                0x08004f64       0x68 Src/system_stm32f1xx.o
                0x08004f64                SystemInit
 .text.terminal
                0x08004fcc       0xb4 libraries/terminal/terminal.o
                0x08004fcc                terminal
 .text.controller_commands
                0x08005080      0x228 libraries/terminal/terminal.o
                0x08005080                controller_commands
 .text.command_help_handler
                0x080052a8       0x18 libraries/terminal/terminal.o
                0x080052a8                command_help_handler
 .text.command_version_handler
                0x080052c0       0x14 libraries/terminal/terminal.o
                0x080052c0                command_version_handler
 .text.command_nrfpwr_handler
                0x080052d4       0x54 libraries/terminal/terminal.o
                0x080052d4                command_nrfpwr_handler
 .text.uart_out_ch
                0x08005328       0x20 libraries/uart_print/uart_print.o
                0x08005328                uart_out_ch
 .text.uart_out
                0x08005348       0x2c libraries/uart_print/uart_print.o
                0x08005348                uart_out
 .text.uart_in_ch
                0x08005374       0x28 libraries/uart_print/uart_print.o
                0x08005374                uart_in_ch
 .text.Reset_Handler
                0x0800539c       0x48 startup/startup_stm32f103xb.o
                0x0800539c                Reset_Handler
 .text.Default_Handler
                0x080053e4        0x2 startup/startup_stm32f103xb.o
                0x080053e4                RTC_Alarm_IRQHandler
                0x080053e4                EXTI2_IRQHandler
                0x080053e4                TIM1_CC_IRQHandler
                0x080053e4                PVD_IRQHandler
                0x080053e4                EXTI3_IRQHandler
                0x080053e4                EXTI0_IRQHandler
                0x080053e4                I2C2_EV_IRQHandler
                0x080053e4                ADC1_2_IRQHandler
                0x080053e4                SPI1_IRQHandler
                0x080053e4                TAMPER_IRQHandler
                0x080053e4                DMA1_Channel4_IRQHandler
                0x080053e4                USART3_IRQHandler
                0x080053e4                RTC_IRQHandler
                0x080053e4                DMA1_Channel7_IRQHandler
                0x080053e4                CAN1_RX1_IRQHandler
                0x080053e4                TIM4_IRQHandler
                0x080053e4                I2C1_EV_IRQHandler
                0x080053e4                DMA1_Channel6_IRQHandler
                0x080053e4                TIM3_IRQHandler
                0x080053e4                RCC_IRQHandler
                0x080053e4                TIM1_TRG_COM_IRQHandler
                0x080053e4                DMA1_Channel1_IRQHandler
                0x080053e4                Default_Handler
                0x080053e4                EXTI15_10_IRQHandler
                0x080053e4                EXTI9_5_IRQHandler
                0x080053e4                SPI2_IRQHandler
                0x080053e4                DMA1_Channel5_IRQHandler
                0x080053e4                EXTI4_IRQHandler
                0x080053e4                USB_LP_CAN1_RX0_IRQHandler
                0x080053e4                USB_HP_CAN1_TX_IRQHandler
                0x080053e4                DMA1_Channel3_IRQHandler
                0x080053e4                TIM1_UP_IRQHandler
                0x080053e4                WWDG_IRQHandler
                0x080053e4                TIM2_IRQHandler
                0x080053e4                TIM1_BRK_IRQHandler
                0x080053e4                EXTI1_IRQHandler
                0x080053e4                USART2_IRQHandler
                0x080053e4                I2C2_ER_IRQHandler
                0x080053e4                DMA1_Channel2_IRQHandler
                0x080053e4                CAN1_SCE_IRQHandler
                0x080053e4                FLASH_IRQHandler
                0x080053e4                I2C1_ER_IRQHandler
                0x080053e4                USBWakeUp_IRQHandler
 .text.atoi     0x080053e6        0x8 c:/ac6/systemworkbench/plugins/fr.ac6.mcu.externaltools.arm-none.win32_1.17.0.201812190825/tools/compiler/bin/../lib/gcc/arm-none-eabi/7.3.1/../../../../arm-none-eabi/lib/thumb/v7-m\libc_nano.a(lib_a-atoi.o)
                0x080053e6                atoi
 *fill*         0x080053ee        0x2 
 .text.__errno  0x080053f0        0xc c:/ac6/systemworkbench/plugins/fr.ac6.mcu.externaltools.arm-none.win32_1.17.0.201812190825/tools/compiler/bin/../lib/gcc/arm-none-eabi/7.3.1/../../../../arm-none-eabi/lib/thumb/v7-m\libc_nano.a(lib_a-errno.o)
                0x080053f0                __errno
 .text.__libc_init_array
                0x080053fc       0x48 c:/ac6/systemworkbench/plugins/fr.ac6.mcu.externaltools.arm-none.win32_1.17.0.201812190825/tools/compiler/bin/../lib/gcc/arm-none-eabi/7.3.1/../../../../arm-none-eabi/lib/thumb/v7-m\libc_nano.a(lib_a-init.o)
                0x080053fc                __libc_init_array
 .text.memcpy   0x08005444       0x16 c:/ac6/systemworkbench/plugins/fr.ac6.mcu.externaltools.arm-none.win32_1.17.0.201812190825/tools/compiler/bin/../lib/gcc/arm-none-eabi/7.3.1/../../../../arm-none-eabi/lib/thumb/v7-m\libc_nano.a(lib_a-memcpy-stub.o)
                0x08005444                memcpy
 .text.memset   0x0800545a       0x10 c:/ac6/systemworkbench/plugins/fr.ac6.mcu.externaltools.arm-none.win32_1.17.0.201812190825/tools/compiler/bin/../lib/gcc/arm-none-eabi/7.3.1/../../../../arm-none-eabi/lib/thumb/v7-m\libc_nano.a(lib_a-memset.o)
                0x0800545a                memset
 .text.__cvt    0x0800546a       0xb8 c:/ac6/systemworkbench/plugins/fr.ac6.mcu.externaltools.arm-none.win32_1.17.0.201812190825/tools/compiler/bin/../lib/gcc/arm-none-eabi/7.3.1/../../../../arm-none-eabi/lib/thumb/v7-m\libc_nano.a(lib_a-nano-vfprintf_float.o)
                0x0800546a                __cvt
 .text.__exponent
                0x08005522       0x6a c:/ac6/systemworkbench/plugins/fr.ac6.mcu.externaltools.arm-none.win32_1.17.0.201812190825/tools/compiler/bin/../lib/gcc/arm-none-eabi/7.3.1/../../../../arm-none-eabi/lib/thumb/v7-m\libc_nano.a(lib_a-nano-vfprintf_float.o)
                0x08005522                __exponent
 .text._printf_float
                0x0800558c      0x46c c:/ac6/systemworkbench/plugins/fr.ac6.mcu.externaltools.arm-none.win32_1.17.0.201812190825/tools/compiler/bin/../lib/gcc/arm-none-eabi/7.3.1/../../../../arm-none-eabi/lib/thumb/v7-m\libc_nano.a(lib_a-nano-vfprintf_float.o)
                0x0800558c                _printf_float
 .text._printf_common
                0x080059f8       0xec c:/ac6/systemworkbench/plugins/fr.ac6.mcu.externaltools.arm-none.win32_1.17.0.201812190825/tools/compiler/bin/../lib/gcc/arm-none-eabi/7.3.1/../../../../arm-none-eabi/lib/thumb/v7-m\libc_nano.a(lib_a-nano-vfprintf_i.o)
                0x080059f8                _printf_common
 .text._strtol_l.isra.0
                0x08005ae4       0xf6 c:/ac6/systemworkbench/plugins/fr.ac6.mcu.externaltools.arm-none.win32_1.17.0.201812190825/tools/compiler/bin/../lib/gcc/arm-none-eabi/7.3.1/../../../../arm-none-eabi/lib/thumb/v7-m\libc_nano.a(lib_a-strtol.o)
 *fill*         0x08005bda        0x2 
 .text.strtol   0x08005bdc       0x2c c:/ac6/systemworkbench/plugins/fr.ac6.mcu.externaltools.arm-none.win32_1.17.0.201812190825/tools/compiler/bin/../lib/gcc/arm-none-eabi/7.3.1/../../../../arm-none-eabi/lib/thumb/v7-m\libc_nano.a(lib_a-strtol.o)
                0x08005bdc                strtol
 .text.quorem   0x08005c08      0x11c c:/ac6/systemworkbench/plugins/fr.ac6.mcu.externaltools.arm-none.win32_1.17.0.201812190825/tools/compiler/bin/../lib/gcc/arm-none-eabi/7.3.1/../../../../arm-none-eabi/lib/thumb/v7-m\libc_nano.a(lib_a-dtoa.o)
 *fill*         0x08005d24        0x4 
 .text._dtoa_r  0x08005d28      0xb68 c:/ac6/systemworkbench/plugins/fr.ac6.mcu.externaltools.arm-none.win32_1.17.0.201812190825/tools/compiler/bin/../lib/gcc/arm-none-eabi/7.3.1/../../../../arm-none-eabi/lib/thumb/v7-m\libc_nano.a(lib_a-dtoa.o)
                0x08005d28                _dtoa_r
 .text.__locale_ctype_ptr_l
                0x08006890        0x6 c:/ac6/systemworkbench/plugins/fr.ac6.mcu.externaltools.arm-none.win32_1.17.0.201812190825/tools/compiler/bin/../lib/gcc/arm-none-eabi/7.3.1/../../../../arm-none-eabi/lib/thumb/v7-m\libc_nano.a(lib_a-locale.o)
                0x08006890                __locale_ctype_ptr_l
 *fill*         0x08006896        0x2 
 .text._localeconv_r
                0x08006898       0x1c c:/ac6/systemworkbench/plugins/fr.ac6.mcu.externaltools.arm-none.win32_1.17.0.201812190825/tools/compiler/bin/../lib/gcc/arm-none-eabi/7.3.1/../../../../arm-none-eabi/lib/thumb/v7-m\libc_nano.a(lib_a-localeconv.o)
                0x08006898                _localeconv_r
 .text.malloc   0x080068b4       0x10 c:/ac6/systemworkbench/plugins/fr.ac6.mcu.externaltools.arm-none.win32_1.17.0.201812190825/tools/compiler/bin/../lib/gcc/arm-none-eabi/7.3.1/../../../../arm-none-eabi/lib/thumb/v7-m\libc_nano.a(lib_a-malloc.o)
                0x080068b4                malloc
 .text.__ascii_mbtowc
                0x080068c4       0x24 c:/ac6/systemworkbench/plugins/fr.ac6.mcu.externaltools.arm-none.win32_1.17.0.201812190825/tools/compiler/bin/../lib/gcc/arm-none-eabi/7.3.1/../../../../arm-none-eabi/lib/thumb/v7-m\libc_nano.a(lib_a-mbtowc_r.o)
                0x080068c4                __ascii_mbtowc
 .text._Balloc  0x080068e8       0x68 c:/ac6/systemworkbench/plugins/fr.ac6.mcu.externaltools.arm-none.win32_1.17.0.201812190825/tools/compiler/bin/../lib/gcc/arm-none-eabi/7.3.1/../../../../arm-none-eabi/lib/thumb/v7-m\libc_nano.a(lib_a-mprec.o)
                0x080068e8                _Balloc
 .text._Bfree   0x08006950       0x2e c:/ac6/systemworkbench/plugins/fr.ac6.mcu.externaltools.arm-none.win32_1.17.0.201812190825/tools/compiler/bin/../lib/gcc/arm-none-eabi/7.3.1/../../../../arm-none-eabi/lib/thumb/v7-m\libc_nano.a(lib_a-mprec.o)
                0x08006950                _Bfree
 .text.__multadd
                0x0800697e       0x76 c:/ac6/systemworkbench/plugins/fr.ac6.mcu.externaltools.arm-none.win32_1.17.0.201812190825/tools/compiler/bin/../lib/gcc/arm-none-eabi/7.3.1/../../../../arm-none-eabi/lib/thumb/v7-m\libc_nano.a(lib_a-mprec.o)
                0x0800697e                __multadd
 .text.__hi0bits
                0x080069f4       0x3e c:/ac6/systemworkbench/plugins/fr.ac6.mcu.externaltools.arm-none.win32_1.17.0.201812190825/tools/compiler/bin/../lib/gcc/arm-none-eabi/7.3.1/../../../../arm-none-eabi/lib/thumb/v7-m\libc_nano.a(lib_a-mprec.o)
                0x080069f4                __hi0bits
 .text.__lo0bits
                0x08006a32       0x5e c:/ac6/systemworkbench/plugins/fr.ac6.mcu.externaltools.arm-none.win32_1.17.0.201812190825/tools/compiler/bin/../lib/gcc/arm-none-eabi/7.3.1/../../../../arm-none-eabi/lib/thumb/v7-m\libc_nano.a(lib_a-mprec.o)
                0x08006a32                __lo0bits
 .text.__i2b    0x08006a90       0x12 c:/ac6/systemworkbench/plugins/fr.ac6.mcu.externaltools.arm-none.win32_1.17.0.201812190825/tools/compiler/bin/../lib/gcc/arm-none-eabi/7.3.1/../../../../arm-none-eabi/lib/thumb/v7-m\libc_nano.a(lib_a-mprec.o)
                0x08006a90                __i2b
 .text.__multiply
                0x08006aa2      0x12a c:/ac6/systemworkbench/plugins/fr.ac6.mcu.externaltools.arm-none.win32_1.17.0.201812190825/tools/compiler/bin/../lib/gcc/arm-none-eabi/7.3.1/../../../../arm-none-eabi/lib/thumb/v7-m\libc_nano.a(lib_a-mprec.o)
                0x08006aa2                __multiply
 .text.__pow5mult
                0x08006bcc       0x9c c:/ac6/systemworkbench/plugins/fr.ac6.mcu.externaltools.arm-none.win32_1.17.0.201812190825/tools/compiler/bin/../lib/gcc/arm-none-eabi/7.3.1/../../../../arm-none-eabi/lib/thumb/v7-m\libc_nano.a(lib_a-mprec.o)
                0x08006bcc                __pow5mult
 .text.__lshift
                0x08006c68       0xa8 c:/ac6/systemworkbench/plugins/fr.ac6.mcu.externaltools.arm-none.win32_1.17.0.201812190825/tools/compiler/bin/../lib/gcc/arm-none-eabi/7.3.1/../../../../arm-none-eabi/lib/thumb/v7-m\libc_nano.a(lib_a-mprec.o)
                0x08006c68                __lshift
 .text.__mcmp   0x08006d10       0x34 c:/ac6/systemworkbench/plugins/fr.ac6.mcu.externaltools.arm-none.win32_1.17.0.201812190825/tools/compiler/bin/../lib/gcc/arm-none-eabi/7.3.1/../../../../arm-none-eabi/lib/thumb/v7-m\libc_nano.a(lib_a-mprec.o)
                0x08006d10                __mcmp
 .text.__mdiff  0x08006d44       0xbc c:/ac6/systemworkbench/plugins/fr.ac6.mcu.externaltools.arm-none.win32_1.17.0.201812190825/tools/compiler/bin/../lib/gcc/arm-none-eabi/7.3.1/../../../../arm-none-eabi/lib/thumb/v7-m\libc_nano.a(lib_a-mprec.o)
                0x08006d44                __mdiff
 .text.__d2b    0x08006e00       0x9e c:/ac6/systemworkbench/plugins/fr.ac6.mcu.externaltools.arm-none.win32_1.17.0.201812190825/tools/compiler/bin/../lib/gcc/arm-none-eabi/7.3.1/../../../../arm-none-eabi/lib/thumb/v7-m\libc_nano.a(lib_a-mprec.o)
                0x08006e00                __d2b
 .text._calloc_r
                0x08006e9e       0x1c c:/ac6/systemworkbench/plugins/fr.ac6.mcu.externaltools.arm-none.win32_1.17.0.201812190825/tools/compiler/bin/../lib/gcc/arm-none-eabi/7.3.1/../../../../arm-none-eabi/lib/thumb/v7-m\libc_nano.a(lib_a-nano-callocr.o)
                0x08006e9e                _calloc_r
 *fill*         0x08006eba        0x2 
 .text._malloc_r
                0x08006ebc       0xb4 c:/ac6/systemworkbench/plugins/fr.ac6.mcu.externaltools.arm-none.win32_1.17.0.201812190825/tools/compiler/bin/../lib/gcc/arm-none-eabi/7.3.1/../../../../arm-none-eabi/lib/thumb/v7-m\libc_nano.a(lib_a-nano-mallocr.o)
                0x08006ebc                _malloc_r
 .text._sbrk_r  0x08006f70       0x20 c:/ac6/systemworkbench/plugins/fr.ac6.mcu.externaltools.arm-none.win32_1.17.0.201812190825/tools/compiler/bin/../lib/gcc/arm-none-eabi/7.3.1/../../../../arm-none-eabi/lib/thumb/v7-m\libc_nano.a(lib_a-sbrkr.o)
                0x08006f70                _sbrk_r
 .text.__ascii_wctomb
                0x08006f90       0x1a c:/ac6/systemworkbench/plugins/fr.ac6.mcu.externaltools.arm-none.win32_1.17.0.201812190825/tools/compiler/bin/../lib/gcc/arm-none-eabi/7.3.1/../../../../arm-none-eabi/lib/thumb/v7-m\libc_nano.a(lib_a-wctomb_r.o)
                0x08006f90                __ascii_wctomb
 .text.__malloc_lock
                0x08006faa        0x2 c:/ac6/systemworkbench/plugins/fr.ac6.mcu.externaltools.arm-none.win32_1.17.0.201812190825/tools/compiler/bin/../lib/gcc/arm-none-eabi/7.3.1/../../../../arm-none-eabi/lib/thumb/v7-m\libc_nano.a(lib_a-mlock.o)
                0x08006faa                __malloc_lock
 .text.__malloc_unlock
                0x08006fac        0x2 c:/ac6/systemworkbench/plugins/fr.ac6.mcu.externaltools.arm-none.win32_1.17.0.201812190825/tools/compiler/bin/../lib/gcc/arm-none-eabi/7.3.1/../../../../arm-none-eabi/lib/thumb/v7-m\libc_nano.a(lib_a-mlock.o)
                0x08006fac                __malloc_unlock
 *(.glue_7)
 .glue_7        0x08006fae        0x0 linker stubs
 *(.glue_7t)
 .glue_7t       0x08006fae        0x0 linker stubs
 *(.eh_frame)
 *fill*         0x08006fae        0x2 
 .eh_frame      0x08006fb0        0x0 c:/ac6/systemworkbench/plugins/fr.ac6.mcu.externaltools.arm-none.win32_1.17.0.201812190825/tools/compiler/bin/../lib/gcc/arm-none-eabi/7.3.1/thumb/v7-m/crtbegin.o
 *(.init)
 .init          0x08006fb0        0x4 c:/ac6/systemworkbench/plugins/fr.ac6.mcu.externaltools.arm-none.win32_1.17.0.201812190825/tools/compiler/bin/../lib/gcc/arm-none-eabi/7.3.1/thumb/v7-m/crti.o
                0x08006fb0                _init
 .init          0x08006fb4        0x8 c:/ac6/systemworkbench/plugins/fr.ac6.mcu.externaltools.arm-none.win32_1.17.0.201812190825/tools/compiler/bin/../lib/gcc/arm-none-eabi/7.3.1/thumb/v7-m/crtn.o
 *(.fini)
 .fini          0x08006fbc        0x4 c:/ac6/systemworkbench/plugins/fr.ac6.mcu.externaltools.arm-none.win32_1.17.0.201812190825/tools/compiler/bin/../lib/gcc/arm-none-eabi/7.3.1/thumb/v7-m/crti.o
                0x08006fbc                _fini
 .fini          0x08006fc0        0x8 c:/ac6/systemworkbench/plugins/fr.ac6.mcu.externaltools.arm-none.win32_1.17.0.201812190825/tools/compiler/bin/../lib/gcc/arm-none-eabi/7.3.1/thumb/v7-m/crtn.o
                0x08006fc8                . = ALIGN (0x4)
                0x08006fc8                _etext = .

.vfp11_veneer   0x08006fc8        0x0
 .vfp11_veneer  0x08006fc8        0x0 linker stubs

.v4_bx          0x08006fc8        0x0
 .v4_bx         0x08006fc8        0x0 linker stubs

.iplt           0x08006fc8        0x0
 .iplt          0x08006fc8        0x0 c:/ac6/systemworkbench/plugins/fr.ac6.mcu.externaltools.arm-none.win32_1.17.0.201812190825/tools/compiler/bin/../lib/gcc/arm-none-eabi/7.3.1/thumb/v7-m/crtbegin.o

.rodata         0x08006fc8      0x3b0
                0x08006fc8                . = ALIGN (0x4)
 *(.rodata)
 .rodata        0x08006fc8       0x12 Drivers/STM32F1xx_HAL_Driver/Src/stm32f1xx_hal_rcc.o
 *fill*         0x08006fda        0x2 
 .rodata        0x08006fdc        0x5 Middlewares/Third_Party/FreeRTOS/Source/tasks.o
 *fill*         0x08006fe1        0x3 
 .rodata        0x08006fe4        0xd Middlewares/Third_Party/FreeRTOS/Source/timers.o
 *fill*         0x08006ff1        0x3 
 .rodata        0x08006ff4       0x68 Src/main.o
 .rodata        0x0800705c       0x18 Src/system_stm32f1xx.o
                0x0800705c                AHBPrescTable
                0x0800706c                APBPrescTable
 .rodata        0x08007074       0xd8 libraries/terminal/terminal.o
 *(.rodata*)
 .rodata._printf_float.str1.1
                0x0800714c       0x12 c:/ac6/systemworkbench/plugins/fr.ac6.mcu.externaltools.arm-none.win32_1.17.0.201812190825/tools/compiler/bin/../lib/gcc/arm-none-eabi/7.3.1/../../../../arm-none-eabi/lib/thumb/v7-m\libc_nano.a(lib_a-nano-vfprintf_float.o)
 .rodata._dtoa_r.str1.1
                0x0800715e        0xd c:/ac6/systemworkbench/plugins/fr.ac6.mcu.externaltools.arm-none.win32_1.17.0.201812190825/tools/compiler/bin/../lib/gcc/arm-none-eabi/7.3.1/../../../../arm-none-eabi/lib/thumb/v7-m\libc_nano.a(lib_a-dtoa.o)
                                  0xf (size before relaxing)
 .rodata._setlocale_r.str1.1
                0x0800716b        0x8 c:/ac6/systemworkbench/plugins/fr.ac6.mcu.externaltools.arm-none.win32_1.17.0.201812190825/tools/compiler/bin/../lib/gcc/arm-none-eabi/7.3.1/../../../../arm-none-eabi/lib/thumb/v7-m\libc_nano.a(lib_a-locale.o)
                                  0x9 (size before relaxing)
 .rodata.str1.1
                0x08007173        0x2 c:/ac6/systemworkbench/plugins/fr.ac6.mcu.externaltools.arm-none.win32_1.17.0.201812190825/tools/compiler/bin/../lib/gcc/arm-none-eabi/7.3.1/../../../../arm-none-eabi/lib/thumb/v7-m\libc_nano.a(lib_a-locale.o)
 *fill*         0x08007175        0x3 
 .rodata.__mprec_bigtens
                0x08007178       0x28 c:/ac6/systemworkbench/plugins/fr.ac6.mcu.externaltools.arm-none.win32_1.17.0.201812190825/tools/compiler/bin/../lib/gcc/arm-none-eabi/7.3.1/../../../../arm-none-eabi/lib/thumb/v7-m\libc_nano.a(lib_a-mprec.o)
                0x08007178                __mprec_bigtens
 .rodata.__mprec_tens
                0x080071a0       0xc8 c:/ac6/systemworkbench/plugins/fr.ac6.mcu.externaltools.arm-none.win32_1.17.0.201812190825/tools/compiler/bin/../lib/gcc/arm-none-eabi/7.3.1/../../../../arm-none-eabi/lib/thumb/v7-m\libc_nano.a(lib_a-mprec.o)
                0x080071a0                __mprec_tens
 .rodata.p05.6084
                0x08007268        0xc c:/ac6/systemworkbench/plugins/fr.ac6.mcu.externaltools.arm-none.win32_1.17.0.201812190825/tools/compiler/bin/../lib/gcc/arm-none-eabi/7.3.1/../../../../arm-none-eabi/lib/thumb/v7-m\libc_nano.a(lib_a-mprec.o)
 .rodata._ctype_
                0x08007274      0x101 c:/ac6/systemworkbench/plugins/fr.ac6.mcu.externaltools.arm-none.win32_1.17.0.201812190825/tools/compiler/bin/../lib/gcc/arm-none-eabi/7.3.1/../../../../arm-none-eabi/lib/thumb/v7-m\libc_nano.a(lib_a-ctype_.o)
                0x08007274                _ctype_
                0x08007378                . = ALIGN (0x4)
 *fill*         0x08007375        0x3 

.rel.dyn        0x08007378        0x0
 .rel.iplt      0x08007378        0x0 c:/ac6/systemworkbench/plugins/fr.ac6.mcu.externaltools.arm-none.win32_1.17.0.201812190825/tools/compiler/bin/../lib/gcc/arm-none-eabi/7.3.1/thumb/v7-m/crtbegin.o

.ARM.extab
 *(.ARM.extab* .gnu.linkonce.armextab.*)

.ARM            0x08007378        0x0
                0x08007378                __exidx_start = .
 *(.ARM.exidx*)
                0x08007378                __exidx_end = .

.preinit_array  0x08007378        0x0
                0x08007378                PROVIDE (__preinit_array_start = .)
 *(.preinit_array*)
                0x08007378                PROVIDE (__preinit_array_end = .)

.init_array     0x08007378        0x4
                0x08007378                PROVIDE (__init_array_start = .)
 *(SORT_BY_NAME(.init_array.*))
 *(.init_array*)
 .init_array    0x08007378        0x4 c:/ac6/systemworkbench/plugins/fr.ac6.mcu.externaltools.arm-none.win32_1.17.0.201812190825/tools/compiler/bin/../lib/gcc/arm-none-eabi/7.3.1/thumb/v7-m/crtbegin.o
                0x0800737c                PROVIDE (__init_array_end = .)

.fini_array     0x0800737c        0x4
                [!provide]                PROVIDE (__fini_array_start = .)
 *(SORT_BY_NAME(.fini_array.*))
 *(.fini_array*)
 .fini_array    0x0800737c        0x4 c:/ac6/systemworkbench/plugins/fr.ac6.mcu.externaltools.arm-none.win32_1.17.0.201812190825/tools/compiler/bin/../lib/gcc/arm-none-eabi/7.3.1/thumb/v7-m/crtbegin.o
                [!provide]                PROVIDE (__fini_array_end = .)
                0x08007380                _sidata = LOADADDR (.data)

.data           0x20000000      0x228 load address 0x08007380
                0x20000000                . = ALIGN (0x4)
                0x20000000                _sdata = .
 *(.data)
 .data          0x20000000        0x5 Drivers/STM32F1xx_HAL_Driver/Src/stm32f1xx_hal.o
                0x20000000                uwTickPrio
                0x20000004                uwTickFreq
 *fill*         0x20000005        0x3 
 .data          0x20000008        0x4 Middlewares/Third_Party/FreeRTOS/Source/portable/GCC/ARM_CM3/port.o
 .data          0x2000000c        0x4 Src/system_stm32f1xx.o
                0x2000000c                SystemCoreClock
 .data          0x20000010       0x48 libraries/terminal/terminal.o
                0x20000010                help
                0x20000014                ptr_message_buffer
                0x20000018                args
 *(.data*)
 .data._impure_ptr
                0x20000058        0x4 c:/ac6/systemworkbench/plugins/fr.ac6.mcu.externaltools.arm-none.win32_1.17.0.201812190825/tools/compiler/bin/../lib/gcc/arm-none-eabi/7.3.1/../../../../arm-none-eabi/lib/thumb/v7-m\libc_nano.a(lib_a-impure.o)
                0x20000058                _impure_ptr
 .data.impure_data
                0x2000005c       0x60 c:/ac6/systemworkbench/plugins/fr.ac6.mcu.externaltools.arm-none.win32_1.17.0.201812190825/tools/compiler/bin/../lib/gcc/arm-none-eabi/7.3.1/../../../../arm-none-eabi/lib/thumb/v7-m\libc_nano.a(lib_a-impure.o)
 .data.__global_locale
                0x200000bc      0x16c c:/ac6/systemworkbench/plugins/fr.ac6.mcu.externaltools.arm-none.win32_1.17.0.201812190825/tools/compiler/bin/../lib/gcc/arm-none-eabi/7.3.1/../../../../arm-none-eabi/lib/thumb/v7-m\libc_nano.a(lib_a-locale.o)
                0x200000bc                __global_locale
                0x20000228                . = ALIGN (0x4)
                0x20000228                _edata = .

.igot.plt       0x20000228        0x0 load address 0x080075a8
 .igot.plt      0x20000228        0x0 c:/ac6/systemworkbench/plugins/fr.ac6.mcu.externaltools.arm-none.win32_1.17.0.201812190825/tools/compiler/bin/../lib/gcc/arm-none-eabi/7.3.1/thumb/v7-m/crtbegin.o
                0x20000228                . = ALIGN (0x4)

.bss            0x20000228     0x3f60 load address 0x080075a8
                0x20000228                _sbss = .
                0x20000228                __bss_start__ = _sbss
 *(.bss)
 .bss           0x20000228       0x1c c:/ac6/systemworkbench/plugins/fr.ac6.mcu.externaltools.arm-none.win32_1.17.0.201812190825/tools/compiler/bin/../lib/gcc/arm-none-eabi/7.3.1/thumb/v7-m/crtbegin.o
 .bss           0x20000244      0x12c Middlewares/Third_Party/FreeRTOS/Source/tasks.o
                0x20000244                pxCurrentTCB
 .bss           0x20000370      0x104 Middlewares/Third_Party/FreeRTOS/Source/timers.o
 .bss           0x20000474        0x8 Middlewares/Third_Party/FreeRTOS/Source/portable/GCC/ARM_CM3/port.o
 .bss           0x2000047c     0x2018 Middlewares/Third_Party/FreeRTOS/Source/portable/MemMang/heap_4.o
 .bss           0x20002494      0x6b8 Src/freertos.o
 .bss           0x20002b4c        0x8 Src/syscalls.o
                0x20002b4c                __env
 .bss           0x20002b54        0x2 libraries/terminal/terminal.o
                0x20002b54                args_count
                0x20002b55                delimiters_index_counter
 *(.bss*)
 *fill*         0x20002b56        0x2 
 .bss.__malloc_free_list
                0x20002b58        0x4 c:/ac6/systemworkbench/plugins/fr.ac6.mcu.externaltools.arm-none.win32_1.17.0.201812190825/tools/compiler/bin/../lib/gcc/arm-none-eabi/7.3.1/../../../../arm-none-eabi/lib/thumb/v7-m\libc_nano.a(lib_a-nano-mallocr.o)
                0x20002b58                __malloc_free_list
 .bss.__malloc_sbrk_start
                0x20002b5c        0x4 c:/ac6/systemworkbench/plugins/fr.ac6.mcu.externaltools.arm-none.win32_1.17.0.201812190825/tools/compiler/bin/../lib/gcc/arm-none-eabi/7.3.1/../../../../arm-none-eabi/lib/thumb/v7-m\libc_nano.a(lib_a-nano-mallocr.o)
                0x20002b5c                __malloc_sbrk_start
 *(COMMON)
 COMMON         0x20002b60        0x4 Drivers/STM32F1xx_HAL_Driver/Src/stm32f1xx_hal.o
                0x20002b60                uwTick
 COMMON         0x20002b64       0x40 Middlewares/Third_Party/FreeRTOS/Source/queue.o
                0x20002b64                xQueueRegistry
 COMMON         0x20002ba4     0x15d0 Src/main.o
                0x20002ba4                mainTaskHandle
                0x20002ba8                output_buffer
                0x20002be8                input_buffer
                0x20002c28                huart1
                0x20002c68                mainTaskControlBlock
                0x20002cc4                terminalTaskBuffer
                0x20003cc4                terminalTaskControlBlock
                0x20003d20                terminalTaskHandle
                0x20003d24                mainTaskBuffer
                0x20004124                message_buffer
 COMMON         0x20004174       0x10 libraries/terminal/terminal.o
                0x20004174                delimiters_index
 COMMON         0x20004184        0x4 c:/ac6/systemworkbench/plugins/fr.ac6.mcu.externaltools.arm-none.win32_1.17.0.201812190825/tools/compiler/bin/../lib/gcc/arm-none-eabi/7.3.1/../../../../arm-none-eabi/lib/thumb/v7-m\libc_nano.a(lib_a-reent.o)
                0x20004184                errno
                0x20004188                . = ALIGN (0x4)
                0x20004188                _ebss = .
                0x20004188                __bss_end__ = _ebss

._user_heap_stack
                0x20004188      0x600 load address 0x080075a8
                0x20004188                . = ALIGN (0x8)
                0x20004188                PROVIDE (end = .)
                [!provide]                PROVIDE (_end = .)
                0x20004388                . = (. + _Min_Heap_Size)
 *fill*         0x20004188      0x200 
                0x20004788                . = (. + _Min_Stack_Size)
 *fill*         0x20004388      0x400 
                0x20004788                . = ALIGN (0x8)

/DISCARD/
 libc.a(*)
 libm.a(*)
 libgcc.a(*)

.ARM.attributes
                0x00000000       0x29
 *(.ARM.attributes)
 .ARM.attributes
                0x00000000       0x1d c:/ac6/systemworkbench/plugins/fr.ac6.mcu.externaltools.arm-none.win32_1.17.0.201812190825/tools/compiler/bin/../lib/gcc/arm-none-eabi/7.3.1/thumb/v7-m/crti.o
 .ARM.attributes
                0x0000001d       0x2d c:/ac6/systemworkbench/plugins/fr.ac6.mcu.externaltools.arm-none.win32_1.17.0.201812190825/tools/compiler/bin/../lib/gcc/arm-none-eabi/7.3.1/thumb/v7-m/crtbegin.o
 .ARM.attributes
                0x0000004a       0x33 Drivers/STM32F1xx_HAL_Driver/Src/stm32f1xx_hal.o
 .ARM.attributes
                0x0000007d       0x33 Drivers/STM32F1xx_HAL_Driver/Src/stm32f1xx_hal_cortex.o
 .ARM.attributes
                0x000000b0       0x33 Drivers/STM32F1xx_HAL_Driver/Src/stm32f1xx_hal_dma.o
 .ARM.attributes
                0x000000e3       0x33 Drivers/STM32F1xx_HAL_Driver/Src/stm32f1xx_hal_gpio.o
 .ARM.attributes
                0x00000116       0x33 Drivers/STM32F1xx_HAL_Driver/Src/stm32f1xx_hal_rcc.o
 .ARM.attributes
                0x00000149       0x33 Drivers/STM32F1xx_HAL_Driver/Src/stm32f1xx_hal_uart.o
 .ARM.attributes
                0x0000017c       0x33 Middlewares/Third_Party/FreeRTOS/Source/CMSIS_RTOS/cmsis_os.o
 .ARM.attributes
                0x000001af       0x33 Middlewares/Third_Party/FreeRTOS/Source/list.o
 .ARM.attributes
                0x000001e2       0x33 Middlewares/Third_Party/FreeRTOS/Source/queue.o
 .ARM.attributes
                0x00000215       0x33 Middlewares/Third_Party/FreeRTOS/Source/tasks.o
 .ARM.attributes
                0x00000248       0x33 Middlewares/Third_Party/FreeRTOS/Source/timers.o
 .ARM.attributes
                0x0000027b       0x33 Middlewares/Third_Party/FreeRTOS/Source/portable/GCC/ARM_CM3/port.o
 .ARM.attributes
                0x000002ae       0x33 Middlewares/Third_Party/FreeRTOS/Source/portable/MemMang/heap_4.o
 .ARM.attributes
                0x000002e1       0x33 Src/freertos.o
 .ARM.attributes
                0x00000314       0x33 Src/main.o
 .ARM.attributes
                0x00000347       0x33 Src/stm32f1xx_hal_msp.o
 .ARM.attributes
                0x0000037a       0x33 Src/stm32f1xx_it.o
 .ARM.attributes
                0x000003ad       0x33 Src/syscalls.o
 .ARM.attributes
                0x000003e0       0x33 Src/system_stm32f1xx.o
 .ARM.attributes
                0x00000413       0x33 libraries/terminal/terminal.o
 .ARM.attributes
                0x00000446       0x33 libraries/uart_print/uart_print.o
 .ARM.attributes
                0x00000479       0x21 startup/startup_stm32f103xb.o
 .ARM.attributes
                0x0000049a       0x2d c:/ac6/systemworkbench/plugins/fr.ac6.mcu.externaltools.arm-none.win32_1.17.0.201812190825/tools/compiler/bin/../lib/gcc/arm-none-eabi/7.3.1/../../../../arm-none-eabi/lib/thumb/v7-m\libc_nano.a(lib_a-atoi.o)
 .ARM.attributes
                0x000004c7       0x2d c:/ac6/systemworkbench/plugins/fr.ac6.mcu.externaltools.arm-none.win32_1.17.0.201812190825/tools/compiler/bin/../lib/gcc/arm-none-eabi/7.3.1/../../../../arm-none-eabi/lib/thumb/v7-m\libc_nano.a(lib_a-errno.o)
 .ARM.attributes
                0x000004f4       0x2d c:/ac6/systemworkbench/plugins/fr.ac6.mcu.externaltools.arm-none.win32_1.17.0.201812190825/tools/compiler/bin/../lib/gcc/arm-none-eabi/7.3.1/../../../../arm-none-eabi/lib/thumb/v7-m\libc_nano.a(lib_a-impure.o)
 .ARM.attributes
                0x00000521       0x2d c:/ac6/systemworkbench/plugins/fr.ac6.mcu.externaltools.arm-none.win32_1.17.0.201812190825/tools/compiler/bin/../lib/gcc/arm-none-eabi/7.3.1/../../../../arm-none-eabi/lib/thumb/v7-m\libc_nano.a(lib_a-init.o)
 .ARM.attributes
                0x0000054e       0x2d c:/ac6/systemworkbench/plugins/fr.ac6.mcu.externaltools.arm-none.win32_1.17.0.201812190825/tools/compiler/bin/../lib/gcc/arm-none-eabi/7.3.1/../../../../arm-none-eabi/lib/thumb/v7-m\libc_nano.a(lib_a-memcpy-stub.o)
 .ARM.attributes
                0x0000057b       0x2d c:/ac6/systemworkbench/plugins/fr.ac6.mcu.externaltools.arm-none.win32_1.17.0.201812190825/tools/compiler/bin/../lib/gcc/arm-none-eabi/7.3.1/../../../../arm-none-eabi/lib/thumb/v7-m\libc_nano.a(lib_a-memset.o)
 .ARM.attributes
                0x000005a8       0x2d c:/ac6/systemworkbench/plugins/fr.ac6.mcu.externaltools.arm-none.win32_1.17.0.201812190825/tools/compiler/bin/../lib/gcc/arm-none-eabi/7.3.1/../../../../arm-none-eabi/lib/thumb/v7-m\libc_nano.a(lib_a-nano-vfprintf_float.o)
 .ARM.attributes
                0x000005d5       0x2d c:/ac6/systemworkbench/plugins/fr.ac6.mcu.externaltools.arm-none.win32_1.17.0.201812190825/tools/compiler/bin/../lib/gcc/arm-none-eabi/7.3.1/../../../../arm-none-eabi/lib/thumb/v7-m\libc_nano.a(lib_a-nano-vfprintf_i.o)
 .ARM.attributes
                0x00000602       0x1b c:/ac6/systemworkbench/plugins/fr.ac6.mcu.externaltools.arm-none.win32_1.17.0.201812190825/tools/compiler/bin/../lib/gcc/arm-none-eabi/7.3.1/../../../../arm-none-eabi/lib/thumb/v7-m\libc_nano.a(lib_a-strcmp.o)
 .ARM.attributes
                0x0000061d       0x17 c:/ac6/systemworkbench/plugins/fr.ac6.mcu.externaltools.arm-none.win32_1.17.0.201812190825/tools/compiler/bin/../lib/gcc/arm-none-eabi/7.3.1/../../../../arm-none-eabi/lib/thumb/v7-m\libc_nano.a(lib_a-strlen.o)
 .ARM.attributes
                0x00000634       0x2d c:/ac6/systemworkbench/plugins/fr.ac6.mcu.externaltools.arm-none.win32_1.17.0.201812190825/tools/compiler/bin/../lib/gcc/arm-none-eabi/7.3.1/../../../../arm-none-eabi/lib/thumb/v7-m\libc_nano.a(lib_a-strtol.o)
 .ARM.attributes
                0x00000661       0x2d c:/ac6/systemworkbench/plugins/fr.ac6.mcu.externaltools.arm-none.win32_1.17.0.201812190825/tools/compiler/bin/../lib/gcc/arm-none-eabi/7.3.1/../../../../arm-none-eabi/lib/thumb/v7-m\libc_nano.a(lib_a-dtoa.o)
 .ARM.attributes
                0x0000068e       0x2d c:/ac6/systemworkbench/plugins/fr.ac6.mcu.externaltools.arm-none.win32_1.17.0.201812190825/tools/compiler/bin/../lib/gcc/arm-none-eabi/7.3.1/../../../../arm-none-eabi/lib/thumb/v7-m\libc_nano.a(lib_a-locale.o)
 .ARM.attributes
                0x000006bb       0x2d c:/ac6/systemworkbench/plugins/fr.ac6.mcu.externaltools.arm-none.win32_1.17.0.201812190825/tools/compiler/bin/../lib/gcc/arm-none-eabi/7.3.1/../../../../arm-none-eabi/lib/thumb/v7-m\libc_nano.a(lib_a-localeconv.o)
 .ARM.attributes
                0x000006e8       0x2d c:/ac6/systemworkbench/plugins/fr.ac6.mcu.externaltools.arm-none.win32_1.17.0.201812190825/tools/compiler/bin/../lib/gcc/arm-none-eabi/7.3.1/../../../../arm-none-eabi/lib/thumb/v7-m\libc_nano.a(lib_a-malloc.o)
 .ARM.attributes
                0x00000715       0x2d c:/ac6/systemworkbench/plugins/fr.ac6.mcu.externaltools.arm-none.win32_1.17.0.201812190825/tools/compiler/bin/../lib/gcc/arm-none-eabi/7.3.1/../../../../arm-none-eabi/lib/thumb/v7-m\libc_nano.a(lib_a-mbtowc_r.o)
 .ARM.attributes
                0x00000742       0x2d c:/ac6/systemworkbench/plugins/fr.ac6.mcu.externaltools.arm-none.win32_1.17.0.201812190825/tools/compiler/bin/../lib/gcc/arm-none-eabi/7.3.1/../../../../arm-none-eabi/lib/thumb/v7-m\libc_nano.a(lib_a-mprec.o)
 .ARM.attributes
                0x0000076f       0x2d c:/ac6/systemworkbench/plugins/fr.ac6.mcu.externaltools.arm-none.win32_1.17.0.201812190825/tools/compiler/bin/../lib/gcc/arm-none-eabi/7.3.1/../../../../arm-none-eabi/lib/thumb/v7-m\libc_nano.a(lib_a-nano-callocr.o)
 .ARM.attributes
                0x0000079c       0x2d c:/ac6/systemworkbench/plugins/fr.ac6.mcu.externaltools.arm-none.win32_1.17.0.201812190825/tools/compiler/bin/../lib/gcc/arm-none-eabi/7.3.1/../../../../arm-none-eabi/lib/thumb/v7-m\libc_nano.a(lib_a-nano-mallocr.o)
 .ARM.attributes
                0x000007c9       0x2d c:/ac6/systemworkbench/plugins/fr.ac6.mcu.externaltools.arm-none.win32_1.17.0.201812190825/tools/compiler/bin/../lib/gcc/arm-none-eabi/7.3.1/../../../../arm-none-eabi/lib/thumb/v7-m\libc_nano.a(lib_a-sbrkr.o)
 .ARM.attributes
                0x000007f6       0x2d c:/ac6/systemworkbench/plugins/fr.ac6.mcu.externaltools.arm-none.win32_1.17.0.201812190825/tools/compiler/bin/../lib/gcc/arm-none-eabi/7.3.1/../../../../arm-none-eabi/lib/thumb/v7-m\libc_nano.a(lib_a-wctomb_r.o)
 .ARM.attributes
                0x00000823       0x2d c:/ac6/systemworkbench/plugins/fr.ac6.mcu.externaltools.arm-none.win32_1.17.0.201812190825/tools/compiler/bin/../lib/gcc/arm-none-eabi/7.3.1/../../../../arm-none-eabi/lib/thumb/v7-m\libc_nano.a(lib_a-ctype_.o)
 .ARM.attributes
                0x00000850       0x2d c:/ac6/systemworkbench/plugins/fr.ac6.mcu.externaltools.arm-none.win32_1.17.0.201812190825/tools/compiler/bin/../lib/gcc/arm-none-eabi/7.3.1/../../../../arm-none-eabi/lib/thumb/v7-m\libc_nano.a(lib_a-mlock.o)
 .ARM.attributes
                0x0000087d       0x2d c:/ac6/systemworkbench/plugins/fr.ac6.mcu.externaltools.arm-none.win32_1.17.0.201812190825/tools/compiler/bin/../lib/gcc/arm-none-eabi/7.3.1/../../../../arm-none-eabi/lib/thumb/v7-m\libc_nano.a(lib_a-reent.o)
 .ARM.attributes
                0x000008aa       0x1d c:/ac6/systemworkbench/plugins/fr.ac6.mcu.externaltools.arm-none.win32_1.17.0.201812190825/tools/compiler/bin/../lib/gcc/arm-none-eabi/7.3.1/thumb/v7-m\libgcc.a(_arm_addsubdf3.o)
 .ARM.attributes
                0x000008c7       0x1d c:/ac6/systemworkbench/plugins/fr.ac6.mcu.externaltools.arm-none.win32_1.17.0.201812190825/tools/compiler/bin/../lib/gcc/arm-none-eabi/7.3.1/thumb/v7-m\libgcc.a(_arm_muldivdf3.o)
 .ARM.attributes
                0x000008e4       0x1d c:/ac6/systemworkbench/plugins/fr.ac6.mcu.externaltools.arm-none.win32_1.17.0.201812190825/tools/compiler/bin/../lib/gcc/arm-none-eabi/7.3.1/thumb/v7-m\libgcc.a(_arm_cmpdf2.o)
 .ARM.attributes
                0x00000901       0x1d c:/ac6/systemworkbench/plugins/fr.ac6.mcu.externaltools.arm-none.win32_1.17.0.201812190825/tools/compiler/bin/../lib/gcc/arm-none-eabi/7.3.1/thumb/v7-m\libgcc.a(_arm_unorddf2.o)
 .ARM.attributes
                0x0000091e       0x1d c:/ac6/systemworkbench/plugins/fr.ac6.mcu.externaltools.arm-none.win32_1.17.0.201812190825/tools/compiler/bin/../lib/gcc/arm-none-eabi/7.3.1/thumb/v7-m\libgcc.a(_arm_fixdfsi.o)
 .ARM.attributes
                0x0000093b       0x1d c:/ac6/systemworkbench/plugins/fr.ac6.mcu.externaltools.arm-none.win32_1.17.0.201812190825/tools/compiler/bin/../lib/gcc/arm-none-eabi/7.3.1/thumb/v7-m/crtn.o
OUTPUT(mks_stm32_node.elf elf32-littlearm)

.debug_info     0x00000000    0x12df5
 .debug_info    0x00000000      0x6fe Drivers/STM32F1xx_HAL_Driver/Src/stm32f1xx_hal.o
 .debug_info    0x000006fe      0xb46 Drivers/STM32F1xx_HAL_Driver/Src/stm32f1xx_hal_cortex.o
 .debug_info    0x00001244      0x7a6 Drivers/STM32F1xx_HAL_Driver/Src/stm32f1xx_hal_dma.o
 .debug_info    0x000019ea      0x681 Drivers/STM32F1xx_HAL_Driver/Src/stm32f1xx_hal_gpio.o
 .debug_info    0x0000206b      0x804 Drivers/STM32F1xx_HAL_Driver/Src/stm32f1xx_hal_rcc.o
 .debug_info    0x0000286f     0x11e3 Drivers/STM32F1xx_HAL_Driver/Src/stm32f1xx_hal_uart.o
 .debug_info    0x00003a52     0x1eec Middlewares/Third_Party/FreeRTOS/Source/CMSIS_RTOS/cmsis_os.o
 .debug_info    0x0000593e      0xad5 Middlewares/Third_Party/FreeRTOS/Source/list.o
 .debug_info    0x00006413     0x2263 Middlewares/Third_Party/FreeRTOS/Source/queue.o
 .debug_info    0x00008676     0x2868 Middlewares/Third_Party/FreeRTOS/Source/tasks.o
 .debug_info    0x0000aede     0x186c Middlewares/Third_Party/FreeRTOS/Source/timers.o
 .debug_info    0x0000c74a      0x4d2 Middlewares/Third_Party/FreeRTOS/Source/portable/GCC/ARM_CM3/port.o
 .debug_info    0x0000cc1c      0xbfa Middlewares/Third_Party/FreeRTOS/Source/portable/MemMang/heap_4.o
 .debug_info    0x0000d816      0x3af Src/freertos.o
 .debug_info    0x0000dbc5     0x14af Src/main.o
 .debug_info    0x0000f074      0x989 Src/stm32f1xx_hal_msp.o
 .debug_info    0x0000f9fd      0x622 Src/stm32f1xx_it.o
 .debug_info    0x0001001f      0xf2e Src/syscalls.o
 .debug_info    0x00010f4d      0x433 Src/system_stm32f1xx.o
 .debug_info    0x00011380      0xbce libraries/terminal/terminal.o
 .debug_info    0x00011f4e      0xe85 libraries/uart_print/uart_print.o
 .debug_info    0x00012dd3       0x22 startup/startup_stm32f103xb.o

.debug_abbrev   0x00000000     0x30d1
 .debug_abbrev  0x00000000      0x1d8 Drivers/STM32F1xx_HAL_Driver/Src/stm32f1xx_hal.o
 .debug_abbrev  0x000001d8      0x2d5 Drivers/STM32F1xx_HAL_Driver/Src/stm32f1xx_hal_cortex.o
 .debug_abbrev  0x000004ad      0x1fe Drivers/STM32F1xx_HAL_Driver/Src/stm32f1xx_hal_dma.o
 .debug_abbrev  0x000006ab      0x1c0 Drivers/STM32F1xx_HAL_Driver/Src/stm32f1xx_hal_gpio.o
 .debug_abbrev  0x0000086b      0x243 Drivers/STM32F1xx_HAL_Driver/Src/stm32f1xx_hal_rcc.o
 .debug_abbrev  0x00000aae      0x242 Drivers/STM32F1xx_HAL_Driver/Src/stm32f1xx_hal_uart.o
 .debug_abbrev  0x00000cf0      0x397 Middlewares/Third_Party/FreeRTOS/Source/CMSIS_RTOS/cmsis_os.o
 .debug_abbrev  0x00001087      0x205 Middlewares/Third_Party/FreeRTOS/Source/list.o
 .debug_abbrev  0x0000128c      0x37f Middlewares/Third_Party/FreeRTOS/Source/queue.o
 .debug_abbrev  0x0000160b      0x388 Middlewares/Third_Party/FreeRTOS/Source/tasks.o
 .debug_abbrev  0x00001993      0x302 Middlewares/Third_Party/FreeRTOS/Source/timers.o
 .debug_abbrev  0x00001c95      0x205 Middlewares/Third_Party/FreeRTOS/Source/portable/GCC/ARM_CM3/port.o
 .debug_abbrev  0x00001e9a      0x2d4 Middlewares/Third_Party/FreeRTOS/Source/portable/MemMang/heap_4.o
 .debug_abbrev  0x0000216e      0x121 Src/freertos.o
 .debug_abbrev  0x0000228f      0x2bf Src/main.o
 .debug_abbrev  0x0000254e      0x195 Src/stm32f1xx_hal_msp.o
 .debug_abbrev  0x000026e3      0x149 Src/stm32f1xx_it.o
 .debug_abbrev  0x0000282c      0x2aa Src/syscalls.o
 .debug_abbrev  0x00002ad6      0x134 Src/system_stm32f1xx.o
 .debug_abbrev  0x00002c0a      0x24f libraries/terminal/terminal.o
 .debug_abbrev  0x00002e59      0x266 libraries/uart_print/uart_print.o
 .debug_abbrev  0x000030bf       0x12 startup/startup_stm32f103xb.o

.debug_aranges  0x00000000      0xe70
 .debug_aranges
                0x00000000       0xe0 Drivers/STM32F1xx_HAL_Driver/Src/stm32f1xx_hal.o
 .debug_aranges
                0x000000e0      0x100 Drivers/STM32F1xx_HAL_Driver/Src/stm32f1xx_hal_cortex.o
 .debug_aranges
                0x000001e0       0x80 Drivers/STM32F1xx_HAL_Driver/Src/stm32f1xx_hal_dma.o
 .debug_aranges
                0x00000260       0x58 Drivers/STM32F1xx_HAL_Driver/Src/stm32f1xx_hal_gpio.o
 .debug_aranges
                0x000002b8       0x90 Drivers/STM32F1xx_HAL_Driver/Src/stm32f1xx_hal_rcc.o
 .debug_aranges
                0x00000348      0x1d0 Drivers/STM32F1xx_HAL_Driver/Src/stm32f1xx_hal_uart.o
 .debug_aranges
                0x00000518      0x1d8 Middlewares/Third_Party/FreeRTOS/Source/CMSIS_RTOS/cmsis_os.o
 .debug_aranges
                0x000006f0       0x40 Middlewares/Third_Party/FreeRTOS/Source/list.o
 .debug_aranges
                0x00000730      0x148 Middlewares/Third_Party/FreeRTOS/Source/queue.o
 .debug_aranges
                0x00000878      0x1e8 Middlewares/Third_Party/FreeRTOS/Source/tasks.o
 .debug_aranges
                0x00000a60       0xd0 Middlewares/Third_Party/FreeRTOS/Source/timers.o
 .debug_aranges
                0x00000b30       0x78 Middlewares/Third_Party/FreeRTOS/Source/portable/GCC/ARM_CM3/port.o
 .debug_aranges
                0x00000ba8       0x50 Middlewares/Third_Party/FreeRTOS/Source/portable/MemMang/heap_4.o
 .debug_aranges
                0x00000bf8       0x28 Src/freertos.o
 .debug_aranges
                0x00000c20       0x50 Src/main.o
 .debug_aranges
                0x00000c70       0x30 Src/stm32f1xx_hal_msp.o
 .debug_aranges
                0x00000ca0       0x58 Src/stm32f1xx_it.o
 .debug_aranges
                0x00000cf8       0xb0 Src/syscalls.o
 .debug_aranges
                0x00000da8       0x28 Src/system_stm32f1xx.o
 .debug_aranges
                0x00000dd0       0x40 libraries/terminal/terminal.o
 .debug_aranges
                0x00000e10       0x38 libraries/uart_print/uart_print.o
 .debug_aranges
                0x00000e48       0x28 startup/startup_stm32f103xb.o

.debug_ranges   0x00000000      0xd18
 .debug_ranges  0x00000000       0xd0 Drivers/STM32F1xx_HAL_Driver/Src/stm32f1xx_hal.o
 .debug_ranges  0x000000d0       0xf0 Drivers/STM32F1xx_HAL_Driver/Src/stm32f1xx_hal_cortex.o
 .debug_ranges  0x000001c0       0x70 Drivers/STM32F1xx_HAL_Driver/Src/stm32f1xx_hal_dma.o
 .debug_ranges  0x00000230       0x48 Drivers/STM32F1xx_HAL_Driver/Src/stm32f1xx_hal_gpio.o
 .debug_ranges  0x00000278       0x80 Drivers/STM32F1xx_HAL_Driver/Src/stm32f1xx_hal_rcc.o
 .debug_ranges  0x000002f8      0x1c0 Drivers/STM32F1xx_HAL_Driver/Src/stm32f1xx_hal_uart.o
 .debug_ranges  0x000004b8      0x1c8 Middlewares/Third_Party/FreeRTOS/Source/CMSIS_RTOS/cmsis_os.o
 .debug_ranges  0x00000680       0x30 Middlewares/Third_Party/FreeRTOS/Source/list.o
 .debug_ranges  0x000006b0      0x138 Middlewares/Third_Party/FreeRTOS/Source/queue.o
 .debug_ranges  0x000007e8      0x1d8 Middlewares/Third_Party/FreeRTOS/Source/tasks.o
 .debug_ranges  0x000009c0       0xc0 Middlewares/Third_Party/FreeRTOS/Source/timers.o
 .debug_ranges  0x00000a80       0x68 Middlewares/Third_Party/FreeRTOS/Source/portable/GCC/ARM_CM3/port.o
 .debug_ranges  0x00000ae8       0x40 Middlewares/Third_Party/FreeRTOS/Source/portable/MemMang/heap_4.o
 .debug_ranges  0x00000b28       0x18 Src/freertos.o
 .debug_ranges  0x00000b40       0x40 Src/main.o
 .debug_ranges  0x00000b80       0x20 Src/stm32f1xx_hal_msp.o
 .debug_ranges  0x00000ba0       0x48 Src/stm32f1xx_it.o
 .debug_ranges  0x00000be8       0xa0 Src/syscalls.o
 .debug_ranges  0x00000c88       0x18 Src/system_stm32f1xx.o
 .debug_ranges  0x00000ca0       0x30 libraries/terminal/terminal.o
 .debug_ranges  0x00000cd0       0x28 libraries/uart_print/uart_print.o
 .debug_ranges  0x00000cf8       0x20 startup/startup_stm32f103xb.o

.debug_macro    0x00000000    0x16594
 .debug_macro   0x00000000      0x1a9 Drivers/STM32F1xx_HAL_Driver/Src/stm32f1xx_hal.o
 .debug_macro   0x000001a9      0xa60 Drivers/STM32F1xx_HAL_Driver/Src/stm32f1xx_hal.o
 .debug_macro   0x00000c09      0x215 Drivers/STM32F1xx_HAL_Driver/Src/stm32f1xx_hal.o
 .debug_macro   0x00000e1e       0x2e Drivers/STM32F1xx_HAL_Driver/Src/stm32f1xx_hal.o
 .debug_macro   0x00000e4c       0x22 Drivers/STM32F1xx_HAL_Driver/Src/stm32f1xx_hal.o
 .debug_macro   0x00000e6e       0x22 Drivers/STM32F1xx_HAL_Driver/Src/stm32f1xx_hal.o
 .debug_macro   0x00000e90       0x8e Drivers/STM32F1xx_HAL_Driver/Src/stm32f1xx_hal.o
 .debug_macro   0x00000f1e       0x51 Drivers/STM32F1xx_HAL_Driver/Src/stm32f1xx_hal.o
 .debug_macro   0x00000f6f       0xef Drivers/STM32F1xx_HAL_Driver/Src/stm32f1xx_hal.o
 .debug_macro   0x0000105e       0x6a Drivers/STM32F1xx_HAL_Driver/Src/stm32f1xx_hal.o
 .debug_macro   0x000010c8      0x1df Drivers/STM32F1xx_HAL_Driver/Src/stm32f1xx_hal.o
 .debug_macro   0x000012a7       0x1c Drivers/STM32F1xx_HAL_Driver/Src/stm32f1xx_hal.o
 .debug_macro   0x000012c3       0x22 Drivers/STM32F1xx_HAL_Driver/Src/stm32f1xx_hal.o
 .debug_macro   0x000012e5       0xc3 Drivers/STM32F1xx_HAL_Driver/Src/stm32f1xx_hal.o
 .debug_macro   0x000013a8      0xd23 Drivers/STM32F1xx_HAL_Driver/Src/stm32f1xx_hal.o
 .debug_macro   0x000020cb     0xe09e Drivers/STM32F1xx_HAL_Driver/Src/stm32f1xx_hal.o
 .debug_macro   0x00010169       0x43 Drivers/STM32F1xx_HAL_Driver/Src/stm32f1xx_hal.o
 .debug_macro   0x000101ac      0x174 Drivers/STM32F1xx_HAL_Driver/Src/stm32f1xx_hal.o
 .debug_macro   0x00010320       0x4e Drivers/STM32F1xx_HAL_Driver/Src/stm32f1xx_hal.o
 .debug_macro   0x0001036e      0x5be Drivers/STM32F1xx_HAL_Driver/Src/stm32f1xx_hal.o
 .debug_macro   0x0001092c      0x289 Drivers/STM32F1xx_HAL_Driver/Src/stm32f1xx_hal.o
 .debug_macro   0x00010bb5      0x1cb Drivers/STM32F1xx_HAL_Driver/Src/stm32f1xx_hal.o
 .debug_macro   0x00010d80      0x114 Drivers/STM32F1xx_HAL_Driver/Src/stm32f1xx_hal.o
 .debug_macro   0x00010e94      0x1b2 Drivers/STM32F1xx_HAL_Driver/Src/stm32f1xx_hal.o
 .debug_macro   0x00011046       0x27 Drivers/STM32F1xx_HAL_Driver/Src/stm32f1xx_hal.o
 .debug_macro   0x0001106d      0x136 Drivers/STM32F1xx_HAL_Driver/Src/stm32f1xx_hal.o
 .debug_macro   0x000111a3      0x1bc Drivers/STM32F1xx_HAL_Driver/Src/stm32f1xx_hal.o
 .debug_macro   0x0001135f       0x34 Drivers/STM32F1xx_HAL_Driver/Src/stm32f1xx_hal.o
 .debug_macro   0x00011393       0x3c Drivers/STM32F1xx_HAL_Driver/Src/stm32f1xx_hal.o
 .debug_macro   0x000113cf       0x57 Drivers/STM32F1xx_HAL_Driver/Src/stm32f1xx_hal.o
 .debug_macro   0x00011426       0x88 Drivers/STM32F1xx_HAL_Driver/Src/stm32f1xx_hal.o
 .debug_macro   0x000114ae      0x241 Drivers/STM32F1xx_HAL_Driver/Src/stm32f1xx_hal.o
 .debug_macro   0x000116ef      0x141 Drivers/STM32F1xx_HAL_Driver/Src/stm32f1xx_hal.o
 .debug_macro   0x00011830      0x26b Drivers/STM32F1xx_HAL_Driver/Src/stm32f1xx_hal.o
 .debug_macro   0x00011a9b       0x83 Drivers/STM32F1xx_HAL_Driver/Src/stm32f1xx_hal.o
 .debug_macro   0x00011b1e      0x185 Drivers/STM32F1xx_HAL_Driver/Src/stm32f1xx_hal_cortex.o
 .debug_macro   0x00011ca3      0x185 Drivers/STM32F1xx_HAL_Driver/Src/stm32f1xx_hal_dma.o
 .debug_macro   0x00011e28      0x1f0 Drivers/STM32F1xx_HAL_Driver/Src/stm32f1xx_hal_gpio.o
 .debug_macro   0x00012018      0x197 Drivers/STM32F1xx_HAL_Driver/Src/stm32f1xx_hal_rcc.o
 .debug_macro   0x000121af      0x186 Drivers/STM32F1xx_HAL_Driver/Src/stm32f1xx_hal_uart.o
 .debug_macro   0x00012335      0x1ee Middlewares/Third_Party/FreeRTOS/Source/CMSIS_RTOS/cmsis_os.o
 .debug_macro   0x00012523       0x58 Middlewares/Third_Party/FreeRTOS/Source/CMSIS_RTOS/cmsis_os.o
 .debug_macro   0x0001257b       0x18 Middlewares/Third_Party/FreeRTOS/Source/CMSIS_RTOS/cmsis_os.o
 .debug_macro   0x00012593       0x94 Middlewares/Third_Party/FreeRTOS/Source/CMSIS_RTOS/cmsis_os.o
 .debug_macro   0x00012627       0x35 Middlewares/Third_Party/FreeRTOS/Source/CMSIS_RTOS/cmsis_os.o
 .debug_macro   0x0001265c       0x34 Middlewares/Third_Party/FreeRTOS/Source/CMSIS_RTOS/cmsis_os.o
 .debug_macro   0x00012690       0x57 Middlewares/Third_Party/FreeRTOS/Source/CMSIS_RTOS/cmsis_os.o
 .debug_macro   0x000126e7       0x58 Middlewares/Third_Party/FreeRTOS/Source/CMSIS_RTOS/cmsis_os.o
 .debug_macro   0x0001273f       0x1f Middlewares/Third_Party/FreeRTOS/Source/CMSIS_RTOS/cmsis_os.o
 .debug_macro   0x0001275e       0x43 Middlewares/Third_Party/FreeRTOS/Source/CMSIS_RTOS/cmsis_os.o
 .debug_macro   0x000127a1       0x20 Middlewares/Third_Party/FreeRTOS/Source/CMSIS_RTOS/cmsis_os.o
 .debug_macro   0x000127c1      0x18e Middlewares/Third_Party/FreeRTOS/Source/CMSIS_RTOS/cmsis_os.o
 .debug_macro   0x0001294f      0x330 Middlewares/Third_Party/FreeRTOS/Source/CMSIS_RTOS/cmsis_os.o
 .debug_macro   0x00012c7f       0x10 Middlewares/Third_Party/FreeRTOS/Source/CMSIS_RTOS/cmsis_os.o
 .debug_macro   0x00012c8f       0x35 Middlewares/Third_Party/FreeRTOS/Source/CMSIS_RTOS/cmsis_os.o
 .debug_macro   0x00012cc4       0xfc Middlewares/Third_Party/FreeRTOS/Source/CMSIS_RTOS/cmsis_os.o
 .debug_macro   0x00012dc0      0x15a Middlewares/Third_Party/FreeRTOS/Source/CMSIS_RTOS/cmsis_os.o
 .debug_macro   0x00012f1a       0xd7 Middlewares/Third_Party/FreeRTOS/Source/CMSIS_RTOS/cmsis_os.o
 .debug_macro   0x00012ff1       0x10 Middlewares/Third_Party/FreeRTOS/Source/CMSIS_RTOS/cmsis_os.o
 .debug_macro   0x00013001       0x1f Middlewares/Third_Party/FreeRTOS/Source/CMSIS_RTOS/cmsis_os.o
 .debug_macro   0x00013020      0x49b Middlewares/Third_Party/FreeRTOS/Source/CMSIS_RTOS/cmsis_os.o
 .debug_macro   0x000134bb       0xb5 Middlewares/Third_Party/FreeRTOS/Source/CMSIS_RTOS/cmsis_os.o
 .debug_macro   0x00013570       0x8c Middlewares/Third_Party/FreeRTOS/Source/CMSIS_RTOS/cmsis_os.o
 .debug_macro   0x000135fc       0x91 Middlewares/Third_Party/FreeRTOS/Source/CMSIS_RTOS/cmsis_os.o
 .debug_macro   0x0001368d       0x8d Middlewares/Third_Party/FreeRTOS/Source/CMSIS_RTOS/cmsis_os.o
 .debug_macro   0x0001371a       0x9a Middlewares/Third_Party/FreeRTOS/Source/CMSIS_RTOS/cmsis_os.o
 .debug_macro   0x000137b4       0xf2 Middlewares/Third_Party/FreeRTOS/Source/CMSIS_RTOS/cmsis_os.o
 .debug_macro   0x000138a6       0xab Middlewares/Third_Party/FreeRTOS/Source/CMSIS_RTOS/cmsis_os.o
 .debug_macro   0x00013951      0x17a Middlewares/Third_Party/FreeRTOS/Source/list.o
 .debug_macro   0x00013acb      0x200 Middlewares/Third_Party/FreeRTOS/Source/queue.o
 .debug_macro   0x00013ccb       0x16 Middlewares/Third_Party/FreeRTOS/Source/queue.o
 .debug_macro   0x00013ce1      0x26e Middlewares/Third_Party/FreeRTOS/Source/tasks.o
 .debug_macro   0x00013f4f       0x10 Middlewares/Third_Party/FreeRTOS/Source/tasks.o
 .debug_macro   0x00013f5f      0x1bd Middlewares/Third_Party/FreeRTOS/Source/timers.o
 .debug_macro   0x0001411c      0x172 Middlewares/Third_Party/FreeRTOS/Source/portable/GCC/ARM_CM3/port.o
 .debug_macro   0x0001428e      0x1a1 Middlewares/Third_Party/FreeRTOS/Source/portable/MemMang/heap_4.o
 .debug_macro   0x0001442f      0x1f7 Src/freertos.o
 .debug_macro   0x00014626      0x418 Src/main.o
 .debug_macro   0x00014a3e       0xfc Src/main.o
 .debug_macro   0x00014b3a       0x16 Src/main.o
 .debug_macro   0x00014b50      0x32a Src/main.o
 .debug_macro   0x00014e7a       0x10 Src/main.o
 .debug_macro   0x00014e8a       0x10 Src/main.o
 .debug_macro   0x00014e9a       0x1c Src/main.o
 .debug_macro   0x00014eb6       0x52 Src/main.o
 .debug_macro   0x00014f08       0x40 Src/main.o
 .debug_macro   0x00014f48       0x10 Src/main.o
 .debug_macro   0x00014f58       0x40 Src/main.o
 .debug_macro   0x00014f98       0xd7 Src/main.o
 .debug_macro   0x0001506f       0x1c Src/main.o
 .debug_macro   0x0001508b       0x3d Src/main.o
 .debug_macro   0x000150c8       0x16 Src/main.o
 .debug_macro   0x000150de      0x16f Src/main.o
 .debug_macro   0x0001524d       0x16 Src/main.o
 .debug_macro   0x00015263      0x18f Src/stm32f1xx_hal_msp.o
 .debug_macro   0x000153f2      0x201 Src/stm32f1xx_it.o
 .debug_macro   0x000155f3      0x243 Src/syscalls.o
 .debug_macro   0x00015836       0x10 Src/syscalls.o
 .debug_macro   0x00015846       0x10 Src/syscalls.o
 .debug_macro   0x00015856       0x10 Src/syscalls.o
 .debug_macro   0x00015866       0x35 Src/syscalls.o
 .debug_macro   0x0001589b      0x122 Src/syscalls.o
 .debug_macro   0x000159bd       0x10 Src/syscalls.o
 .debug_macro   0x000159cd      0x241 Src/syscalls.o
 .debug_macro   0x00015c0e       0x1c Src/syscalls.o
 .debug_macro   0x00015c2a       0x10 Src/syscalls.o
 .debug_macro   0x00015c3a      0x189 Src/syscalls.o
 .debug_macro   0x00015dc3       0x16 Src/syscalls.o
 .debug_macro   0x00015dd9       0x88 Src/syscalls.o
 .debug_macro   0x00015e61      0x18b Src/system_stm32f1xx.o
 .debug_macro   0x00015fec      0x29a libraries/terminal/terminal.o
 .debug_macro   0x00016286       0xbd libraries/terminal/terminal.o
 .debug_macro   0x00016343      0x251 libraries/uart_print/uart_print.o

.debug_line     0x00000000     0xbaae
 .debug_line    0x00000000      0x7a5 Drivers/STM32F1xx_HAL_Driver/Src/stm32f1xx_hal.o
 .debug_line    0x000007a5      0x87e Drivers/STM32F1xx_HAL_Driver/Src/stm32f1xx_hal_cortex.o
 .debug_line    0x00001023      0xa0c Drivers/STM32F1xx_HAL_Driver/Src/stm32f1xx_hal_dma.o
 .debug_line    0x00001a2f      0x7a5 Drivers/STM32F1xx_HAL_Driver/Src/stm32f1xx_hal_gpio.o
 .debug_line    0x000021d4      0x867 Drivers/STM32F1xx_HAL_Driver/Src/stm32f1xx_hal_rcc.o
 .debug_line    0x00002a3b      0xeb0 Drivers/STM32F1xx_HAL_Driver/Src/stm32f1xx_hal_uart.o
 .debug_line    0x000038eb      0xc28 Middlewares/Third_Party/FreeRTOS/Source/CMSIS_RTOS/cmsis_os.o
 .debug_line    0x00004513      0x555 Middlewares/Third_Party/FreeRTOS/Source/list.o
 .debug_line    0x00004a68      0xf9f Middlewares/Third_Party/FreeRTOS/Source/queue.o
 .debug_line    0x00005a07     0x11de Middlewares/Third_Party/FreeRTOS/Source/tasks.o
 .debug_line    0x00006be5      0x8b1 Middlewares/Third_Party/FreeRTOS/Source/timers.o
 .debug_line    0x00007496      0x642 Middlewares/Third_Party/FreeRTOS/Source/portable/GCC/ARM_CM3/port.o
 .debug_line    0x00007ad8      0x63b Middlewares/Third_Party/FreeRTOS/Source/portable/MemMang/heap_4.o
 .debug_line    0x00008113      0x719 Src/freertos.o
 .debug_line    0x0000882c      0xa55 Src/main.o
 .debug_line    0x00009281      0x5fe Src/stm32f1xx_hal_msp.o
 .debug_line    0x0000987f      0x7a5 Src/stm32f1xx_it.o
 .debug_line    0x0000a024      0x5df Src/syscalls.o
 .debug_line    0x0000a603      0x5f8 Src/system_stm32f1xx.o
 .debug_line    0x0000abfb      0x797 libraries/terminal/terminal.o
 .debug_line    0x0000b392      0x69f libraries/uart_print/uart_print.o
 .debug_line    0x0000ba31       0x7d startup/startup_stm32f103xb.o

.debug_str      0x00000000    0x745f6
 .debug_str     0x00000000    0x64b4c Drivers/STM32F1xx_HAL_Driver/Src/stm32f1xx_hal.o
                              0x64e91 (size before relaxing)
 .debug_str     0x00064b4c      0x31d Drivers/STM32F1xx_HAL_Driver/Src/stm32f1xx_hal_cortex.o
                              0x64e9f (size before relaxing)
 .debug_str     0x00064e69      0x3eb Drivers/STM32F1xx_HAL_Driver/Src/stm32f1xx_hal_dma.o
                              0x64be1 (size before relaxing)
 .debug_str     0x00065254      0x3a4 Drivers/STM32F1xx_HAL_Driver/Src/stm32f1xx_hal_gpio.o
                              0x64bca (size before relaxing)
 .debug_str     0x000655f8      0x373 Drivers/STM32F1xx_HAL_Driver/Src/stm32f1xx_hal_rcc.o
                              0x64c03 (size before relaxing)
 .debug_str     0x0006596b      0x6e9 Drivers/STM32F1xx_HAL_Driver/Src/stm32f1xx_hal_uart.o
                              0x650f2 (size before relaxing)
 .debug_str     0x00066054     0x9111 Middlewares/Third_Party/FreeRTOS/Source/CMSIS_RTOS/cmsis_os.o
                               0xd7bd (size before relaxing)
 .debug_str     0x0006f165      0x225 Middlewares/Third_Party/FreeRTOS/Source/list.o
                               0xa12d (size before relaxing)
 .debug_str     0x0006f38a      0x8df Middlewares/Third_Party/FreeRTOS/Source/queue.o
                               0xb8be (size before relaxing)
 .debug_str     0x0006fc69     0x13bb Middlewares/Third_Party/FreeRTOS/Source/tasks.o
                               0xc514 (size before relaxing)
 .debug_str     0x00071024      0x4cc Middlewares/Third_Party/FreeRTOS/Source/timers.o
                               0xbdbb (size before relaxing)
 .debug_str     0x000714f0      0x702 Middlewares/Third_Party/FreeRTOS/Source/portable/GCC/ARM_CM3/port.o
                               0x810b (size before relaxing)
 .debug_str     0x00071bf2      0x251 Middlewares/Third_Party/FreeRTOS/Source/portable/MemMang/heap_4.o
                               0xa850 (size before relaxing)
 .debug_str     0x00071e43       0xf5 Src/freertos.o
                              0x68386 (size before relaxing)
 .debug_str     0x00071f38     0x1459 Src/main.o
                              0x6eb2e (size before relaxing)
 .debug_str     0x00073391       0x1b Src/stm32f1xx_hal_msp.o
                              0x64ef1 (size before relaxing)
 .debug_str     0x000733ac       0xaf Src/stm32f1xx_it.o
                              0x685fd (size before relaxing)
 .debug_str     0x0007345b      0xf89 Src/syscalls.o
                               0x856e (size before relaxing)
 .debug_str     0x000743e4       0x69 Src/system_stm32f1xx.o
                              0x6487b (size before relaxing)
 .debug_str     0x0007444d      0x125 libraries/terminal/terminal.o
                              0x675b3 (size before relaxing)
 .debug_str     0x00074572       0x55 libraries/uart_print/uart_print.o
                              0x67708 (size before relaxing)
 .debug_str     0x000745c7       0x2f startup/startup_stm32f103xb.o
                                 0x5a (size before relaxing)

.comment        0x00000000       0x7f
 .comment       0x00000000       0x7f Drivers/STM32F1xx_HAL_Driver/Src/stm32f1xx_hal.o
                                 0x80 (size before relaxing)
 .comment       0x0000007f       0x80 Drivers/STM32F1xx_HAL_Driver/Src/stm32f1xx_hal_cortex.o
 .comment       0x0000007f       0x80 Drivers/STM32F1xx_HAL_Driver/Src/stm32f1xx_hal_dma.o
 .comment       0x0000007f       0x80 Drivers/STM32F1xx_HAL_Driver/Src/stm32f1xx_hal_gpio.o
 .comment       0x0000007f       0x80 Drivers/STM32F1xx_HAL_Driver/Src/stm32f1xx_hal_rcc.o
 .comment       0x0000007f       0x80 Drivers/STM32F1xx_HAL_Driver/Src/stm32f1xx_hal_uart.o
 .comment       0x0000007f       0x80 Middlewares/Third_Party/FreeRTOS/Source/CMSIS_RTOS/cmsis_os.o
 .comment       0x0000007f       0x80 Middlewares/Third_Party/FreeRTOS/Source/list.o
 .comment       0x0000007f       0x80 Middlewares/Third_Party/FreeRTOS/Source/queue.o
 .comment       0x0000007f       0x80 Middlewares/Third_Party/FreeRTOS/Source/tasks.o
 .comment       0x0000007f       0x80 Middlewares/Third_Party/FreeRTOS/Source/timers.o
 .comment       0x0000007f       0x80 Middlewares/Third_Party/FreeRTOS/Source/portable/GCC/ARM_CM3/port.o
 .comment       0x0000007f       0x80 Middlewares/Third_Party/FreeRTOS/Source/portable/MemMang/heap_4.o
 .comment       0x0000007f       0x80 Src/freertos.o
 .comment       0x0000007f       0x80 Src/main.o
 .comment       0x0000007f       0x80 Src/stm32f1xx_hal_msp.o
 .comment       0x0000007f       0x80 Src/stm32f1xx_it.o
 .comment       0x0000007f       0x80 Src/syscalls.o
 .comment       0x0000007f       0x80 Src/system_stm32f1xx.o
 .comment       0x0000007f       0x80 libraries/terminal/terminal.o
 .comment       0x0000007f       0x80 libraries/uart_print/uart_print.o

.debug_frame    0x00000000     0x4288
 .debug_frame   0x00000000      0x334 Drivers/STM32F1xx_HAL_Driver/Src/stm32f1xx_hal.o
 .debug_frame   0x00000334      0x428 Drivers/STM32F1xx_HAL_Driver/Src/stm32f1xx_hal_cortex.o
 .debug_frame   0x0000075c      0x208 Drivers/STM32F1xx_HAL_Driver/Src/stm32f1xx_hal_dma.o
 .debug_frame   0x00000964      0x14c Drivers/STM32F1xx_HAL_Driver/Src/stm32f1xx_hal_gpio.o
 .debug_frame   0x00000ab0      0x21c Drivers/STM32F1xx_HAL_Driver/Src/stm32f1xx_hal_rcc.o
 .debug_frame   0x00000ccc      0x834 Drivers/STM32F1xx_HAL_Driver/Src/stm32f1xx_hal_uart.o
 .debug_frame   0x00001500      0x7f0 Middlewares/Third_Party/FreeRTOS/Source/CMSIS_RTOS/cmsis_os.o
 .debug_frame   0x00001cf0       0xd8 Middlewares/Third_Party/FreeRTOS/Source/list.o
 .debug_frame   0x00001dc8      0x5a0 Middlewares/Third_Party/FreeRTOS/Source/queue.o
 .debug_frame   0x00002368      0x860 Middlewares/Third_Party/FreeRTOS/Source/tasks.o
 .debug_frame   0x00002bc8      0x36c Middlewares/Third_Party/FreeRTOS/Source/timers.o
 .debug_frame   0x00002f34      0x198 Middlewares/Third_Party/FreeRTOS/Source/portable/GCC/ARM_CM3/port.o
 .debug_frame   0x000030cc      0x108 Middlewares/Third_Party/FreeRTOS/Source/portable/MemMang/heap_4.o
 .debug_frame   0x000031d4       0x60 Src/freertos.o
 .debug_frame   0x00003234       0xf8 Src/main.o
 .debug_frame   0x0000332c       0x7c Src/stm32f1xx_hal_msp.o
 .debug_frame   0x000033a8       0xe8 Src/stm32f1xx_it.o
 .debug_frame   0x00003490      0x2d0 Src/syscalls.o
 .debug_frame   0x00003760       0x58 Src/system_stm32f1xx.o
 .debug_frame   0x000037b8       0xb0 libraries/terminal/terminal.o
 .debug_frame   0x00003868       0xa4 libraries/uart_print/uart_print.o
 .debug_frame   0x0000390c       0x30 c:/ac6/systemworkbench/plugins/fr.ac6.mcu.externaltools.arm-none.win32_1.17.0.201812190825/tools/compiler/bin/../lib/gcc/arm-none-eabi/7.3.1/../../../../arm-none-eabi/lib/thumb/v7-m\libc_nano.a(lib_a-atoi.o)
 .debug_frame   0x0000393c       0x20 c:/ac6/systemworkbench/plugins/fr.ac6.mcu.externaltools.arm-none.win32_1.17.0.201812190825/tools/compiler/bin/../lib/gcc/arm-none-eabi/7.3.1/../../../../arm-none-eabi/lib/thumb/v7-m\libc_nano.a(lib_a-errno.o)
 .debug_frame   0x0000395c       0x2c c:/ac6/systemworkbench/plugins/fr.ac6.mcu.externaltools.arm-none.win32_1.17.0.201812190825/tools/compiler/bin/../lib/gcc/arm-none-eabi/7.3.1/../../../../arm-none-eabi/lib/thumb/v7-m\libc_nano.a(lib_a-init.o)
 .debug_frame   0x00003988       0x28 c:/ac6/systemworkbench/plugins/fr.ac6.mcu.externaltools.arm-none.win32_1.17.0.201812190825/tools/compiler/bin/../lib/gcc/arm-none-eabi/7.3.1/../../../../arm-none-eabi/lib/thumb/v7-m\libc_nano.a(lib_a-memcpy-stub.o)
 .debug_frame   0x000039b0       0x20 c:/ac6/systemworkbench/plugins/fr.ac6.mcu.externaltools.arm-none.win32_1.17.0.201812190825/tools/compiler/bin/../lib/gcc/arm-none-eabi/7.3.1/../../../../arm-none-eabi/lib/thumb/v7-m\libc_nano.a(lib_a-memset.o)
 .debug_frame   0x000039d0       0x90 c:/ac6/systemworkbench/plugins/fr.ac6.mcu.externaltools.arm-none.win32_1.17.0.201812190825/tools/compiler/bin/../lib/gcc/arm-none-eabi/7.3.1/../../../../arm-none-eabi/lib/thumb/v7-m\libc_nano.a(lib_a-nano-vfprintf_float.o)
 .debug_frame   0x00003a60       0x60 c:/ac6/systemworkbench/plugins/fr.ac6.mcu.externaltools.arm-none.win32_1.17.0.201812190825/tools/compiler/bin/../lib/gcc/arm-none-eabi/7.3.1/../../../../arm-none-eabi/lib/thumb/v7-m\libc_nano.a(lib_a-nano-vfprintf_i.o)
 .debug_frame   0x00003ac0       0x20 c:/ac6/systemworkbench/plugins/fr.ac6.mcu.externaltools.arm-none.win32_1.17.0.201812190825/tools/compiler/bin/../lib/gcc/arm-none-eabi/7.3.1/../../../../arm-none-eabi/lib/thumb/v7-m\libc_nano.a(lib_a-strcmp.o)